#
# A fatal error has been detected by the Java Runtime Environment:
#
#  EXCEPTION_ACCESS_VIOLATION (0xc0000005) at pc=0x00007ffad0fffea6, pid=5684, tid=13300
#
# JRE version: OpenJDK Runtime Environment Temurin-21.0.10+7 (21.0.10+7) (build 21.0.10+7-LTS)
# Java VM: OpenJDK 64-Bit Server VM Temurin-21.0.10+7 (21.0.10+7-LTS, mixed mode, sharing, tiered, compressed oops, compressed class ptrs, parallel gc, windows-amd64)
# Problematic frame:
# V  [jvm.dll+0x6ffea6]
#
# No core dump will be written. Minidumps are not enabled by default on client versions of Windows
#
# If you would like to submit a bug report, please visit:
#   https://github.com/adoptium/adoptium-support/issues
#

---------------  S U M M A R Y ------------

Command Line: --add-modules=ALL-SYSTEM --add-opens=java.base/java.util=ALL-UNNAMED --add-opens=java.base/java.lang=ALL-UNNAMED --add-opens=java.base/sun.nio.fs=ALL-UNNAMED -Declipse.application=org.eclipse.jdt.ls.core.id1 -Dosgi.bundles.defaultStartLevel=4 -Declipse.product=org.eclipse.jdt.ls.core.product -Djava.import.generatesMetadataFilesAtProjectRoot=false -DDetectVMInstallationsJob.disabled=true -Dfile.encoding=utf8 -XX:+UseParallelGC -XX:GCTimeRatio=4 -XX:AdaptiveSizePolicyWeight=90 -Dsun.zip.disableMemoryMapping=true -Xmx2G -Xms100m -Xlog:disable -javaagent:c:\Users\Arvind\.vscode\extensions\redhat.java-1.54.0-win32-x64\lombok\lombok-1.18.39-4050.jar -XX:+HeapDumpOnOutOfMemoryError -XX:HeapDumpPath=c:\Users\Arvind\AppData\Roaming\Code\User\workspaceStorage\c2a3ee600555109fb4996c771eefed96\redhat.java -Daether.dependencyCollector.impl=bf c:\Users\Arvind\.vscode\extensions\redhat.java-1.54.0-win32-x64\server\plugins\org.eclipse.equinox.launcher_1.7.100.v20251111-0406.jar -configuration c:\Users\Arvind\AppData\Roaming\Code\User\globalStorage\redhat.java\1.54.0\config_win -data c:\Users\Arvind\AppData\Roaming\Code\User\workspaceStorage\c2a3ee600555109fb4996c771eefed96\redhat.java\jdt_ws --pipe=\\.\pipe\lsp-8a7a99a1c55f8e23ab732480fc103460-sock

Host: Intel(R) Core(TM) i5-4440 CPU @ 3.10GHz, 4 cores, 11G,  Windows 10 , 64 bit Build 19041 (10.0.19041.7181)
Time: Thu Apr 16 21:12:05 2026 India Standard Time elapsed time: 398.963037 seconds (0d 0h 6m 38s)

---------------  T H R E A D  ---------------

Current thread (0x0000022417148b80):  JavaThread "C2 CompilerThread0" daemon [_thread_in_native, id=13300, stack(0x0000007d1a800000,0x0000007d1a900000) (1024K)]


Current CompileTask:
C2:398963 17710   !   4       org.eclipse.jdt.ls.core.internal.handlers.JsonRpcHelpers::toLine (63 bytes)

Stack: [0x0000007d1a800000,0x0000007d1a900000],  sp=0x0000007d1a8fc270,  free space=1008k
Native frames: (J=compiled Java code, j=interpreted, Vv=VM code, C=native code)
V  [jvm.dll+0x6ffea6]
V  [jvm.dll+0x2574be]
V  [jvm.dll+0x24d701]
V  [jvm.dll+0x24ba42]
V  [jvm.dll+0x1cb34e]
V  [jvm.dll+0x25b85d]
V  [jvm.dll+0x259dea]
V  [jvm.dll+0x3f857e]
V  [jvm.dll+0x85f59d]
V  [jvm.dll+0x6d626d]
C  [ucrtbase.dll+0x21bb2]
C  [KERNEL32.DLL+0x17374]
C  [ntdll.dll+0x4cc91]


siginfo: EXCEPTION_ACCESS_VIOLATION (0xc0000005), reading address 0xffffffffffffffff


Registers:
RAX=0x905e124b1e451d78, RBX=0x0000000000000222, RCX=0x000002241750c468, RDX=0x0000007d1a8fe850
RSP=0x0000007d1a8fc270, RBP=0x0000000000000222, RSI=0x0000022474427b90, RDI=0x0000000000000090
R8 =0x0000000000000000, R9 =0x0000000000000000, R10=0x0000000000000b21, R11=0x0000007d1a8fc1f0
R12=0x000002241716c3c0, R13=0x0000000000000000, R14=0x0000007d1a8fc550, R15=0x0000000000000000
RIP=0x00007ffad0fffea6, EFLAGS=0x0000000000010202

XMM[0]=0x0000000000000000 0x0000000000000000
XMM[1]=0x000002247506db00 0x0000022477c6b508
XMM[2]=0x0000022477947d28 0x00000224774d0a18
XMM[3]=0x000002247794b2d8 0x000002247794bdd8
XMM[4]=0x0000022477948ab0 0x00000224774d1dd0
XMM[5]=0x000002247506bff8 0x00000224767c1b18
XMM[6]=0x0000000000000000 0x0000000000000000
XMM[7]=0x0000000000000000 0x0000000000000000
XMM[8]=0x0000000000000000 0x0000000000000000
XMM[9]=0x0000000000000000 0x0000000000000000
XMM[10]=0x0000000000000000 0x0000000000000000
XMM[11]=0x0000000000000000 0x0000000000000000
XMM[12]=0x0000000000000000 0x0000000000000000
XMM[13]=0x0000000000000000 0x0000000000000000
XMM[14]=0x0000000000000000 0x0000000000000000
XMM[15]=0x0000000000000000 0x0000000000000000
  MXCSR=0x00001fb2


Register to memory mapping:

RAX=0x905e124b1e451d78 is an unknown value
RBX=0x0000000000000222 is an unknown value
RCX=0x000002241750c468 points into unknown readable memory: 0x905e124b1e451d78 | 78 1d 45 1e 4b 12 5e 90
RDX=0x0000007d1a8fe850 is pointing into the stack for thread: 0x0000022417148b80
RSP=0x0000007d1a8fc270 is pointing into the stack for thread: 0x0000022417148b80
RBP=0x0000000000000222 is an unknown value
RSI=0x0000022474427b90 points into unknown readable memory: 0x0000007d1a8fe660 | 60 e6 8f 1a 7d 00 00 00
RDI=0x0000000000000090 is an unknown value
R8 =0x0 is null
R9 =0x0 is null
R10=0x0000000000000b21 is an unknown value
R11=0x0000007d1a8fc1f0 is pointing into the stack for thread: 0x0000022417148b80
R12=0x000002241716c3c0 points into unknown readable memory: 0x00007ffad12684b0 | b0 84 26 d1 fa 7f 00 00
R13=0x0 is null
R14=0x0000007d1a8fc550 is pointing into the stack for thread: 0x0000022417148b80
R15=0x0 is null

Top of Stack: (sp=0x0000007d1a8fc270)
0x0000007d1a8fc270:   00000000000001d6 00000000000001d6
0x0000007d1a8fc280:   0000022474427b90 00007ffad0fb2b0c
0x0000007d1a8fc290:   00000224754a8948 00007ffad0ffef5e
0x0000007d1a8fc2a0:   0000000000000000 0000000000000857
0x0000007d1a8fc2b0:   0000000000000008 0000007d1a8fc550
0x0000007d1a8fc2c0:   000002247859f328 00007ffad0b574be
0x0000007d1a8fc2d0:   0000007d1a8fc350 000002247859f840
0x0000007d1a8fc2e0:   0000000000000090 00000224754a8948
0x0000007d1a8fc2f0:   000002241731d0b0 00007ffa00001000
0x0000007d1a8fc300:   0000022475b10030 0000007d00000857
0x0000007d1a8fc310:   0000000000000100 000002247858cde8
0x0000007d1a8fc320:   0000000000000100 000002241731d0b0
0x0000007d1a8fc330:   0000000000000000 0000000000000000
0x0000007d1a8fc340:   0000000000000000 0000000000000020
0x0000007d1a8fc350:   0000000000000003 0000000000000070
0x0000007d1a8fc360:   0000007d1a8fc470 00007ffad0b4d701
0x0000007d1a8fc370:   0000007d1a8fe530 00000224171496d0
0x0000007d1a8fc380:   0000007d00000008 000002241724baa0
0x0000007d1a8fc390:   00007ffad0900000 0000007d1a8fc5f0
0x0000007d1a8fc3a0:   00007ffad0900000 0000000000000000
0x0000007d1a8fc3b0:   0000007d1a8fe530 0000000000000000
0x0000007d1a8fc3c0:   0000000000000000 00007ffad131c538
0x0000007d1a8fc3d0:   0000000000000000 0000007d1a8fe530
0x0000007d1a8fc3e0:   0000000000000000 00007ffad131c538
0x0000007d1a8fc3f0:   0000022476fa4a00 00007ffad0ca2fff
0x0000007d1a8fc400:   000002247858af20 000002247858e638
0x0000007d1a8fc410:   0000000173010000 000002246fafdf38
0x0000007d1a8fc420:   000002241716cfa0 00007ffad11721b6
0x0000007d1a8fc430:   0000000000000002 0000000000000108
0x0000007d1a8fc440:   0000000000000000 0000000000000000
0x0000007d1a8fc450:   0000000000000004 00007ffad0ade800
0x0000007d1a8fc460:   0000007d1a8fda80 00007ffad131c528 

Instructions: (pc=0x00007ffad0fffea6)
0x00007ffad0fffda6:   48 89 19 c7 41 08 00 00 00 00 eb 24 48 83 e9 10
0x00007ffad0fffdb6:   49 8b d6 48 89 4c 24 20 48 8b 8e 68 09 00 00 e8
0x00007ffad0fffdc6:   36 40 fb ff 48 8b 4e 10 49 8b d6 e8 5a 78 b5 ff
0x00007ffad0fffdd6:   48 8b 44 24 20 48 3b 44 24 30 0f 83 9b fd ff ff
0x00007ffad0fffde6:   48 8b ac 24 88 00 00 00 4c 8b b4 24 90 00 00 00
0x00007ffad0fffdf6:   4c 8b bc 24 98 00 00 00 49 83 3c 24 00 74 13 49
0x00007ffad0fffe06:   8b d7 49 8b cd e8 30 70 9c ff 49 8b cc e8 08 70
0x00007ffad0fffe16:   9c ff 49 39 6d 18 74 0c 4d 89 65 10 49 89 6d 18
0x00007ffad0fffe26:   4d 89 75 20 48 8b 9c 24 80 00 00 00 48 83 c4 40
0x00007ffad0fffe36:   41 5f 41 5e 41 5d 41 5c 5f 5e 5d c3 cc cc cc cc
0x00007ffad0fffe46:   cc cc cc cc cc cc cc cc cc cc 40 53 41 55 41 56
0x00007ffad0fffe56:   48 83 ec 40 48 8b 41 28 45 33 ed 41 8b dd 4c 8b
0x00007ffad0fffe66:   f1 39 58 08 0f 86 1c 01 00 00 48 89 6c 24 60 48
0x00007ffad0fffe76:   89 74 24 68 48 89 7c 24 70 4c 89 64 24 38 4c 89
0x00007ffad0fffe86:   7c 24 30 0f 1f 80 00 00 00 00 48 8b 40 10 8b eb
0x00007ffad0fffe96:   48 8b 0c e8 48 85 c9 0f 84 c1 00 00 00 48 8b 01
0x00007ffad0fffea6:   ff 90 80 00 00 00 49 8b 76 28 4c 8b e0 8b 4e 08
0x00007ffad0fffeb6:   3b d9 0f 82 9e 00 00 00 85 c9 75 3f 4c 8b 0e c7
0x00007ffad0fffec6:   46 08 01 00 00 00 49 8b 49 18 49 8b 41 20 48 2b
0x00007ffad0fffed6:   c1 48 83 f8 08 72 0a 48 8d 41 08 49 89 41 18 eb
0x00007ffad0fffee6:   13 45 33 c0 ba 08 00 00 00 49 8b c9 e8 39 6c 9c
0x00007ffad0fffef6:   ff 48 8b c8 48 89 4e 10 4c 89 29 44 8b 7e 08 8d
0x00007ffad0ffff06:   53 01 85 d2 74 04 85 d3 74 0c 0f bd ca ba 01 00
0x00007ffad0ffff16:   00 00 ff c1 d3 e2 48 8b 0e 4a 8d 3c fd 00 00 00
0x00007ffad0ffff26:   00 44 8b ca 4c 8b c7 89 56 08 48 8b 56 10 49 c1
0x00007ffad0ffff36:   e1 03 44 89 6c 24 20 e8 fe 67 9c ff 44 8b 46 08
0x00007ffad0ffff46:   33 d2 45 2b c7 48 89 46 10 49 c1 e0 03 48 8d 0c
0x00007ffad0ffff56:   07 e8 06 54 25 00 48 8b 46 10 4c 89 24 e8 49 8b
0x00007ffad0ffff66:   46 28 ff c3 3b 58 08 0f 82 1d ff ff ff 4c 8b 7c
0x00007ffad0ffff76:   24 30 4c 8b 64 24 38 48 8b 7c 24 70 48 8b 74 24
0x00007ffad0ffff86:   68 48 8b 6c 24 60 48 83 c4 40 41 5e 41 5d 5b c3
0x00007ffad0ffff96:   cc cc cc cc cc cc cc cc cc cc 48 89 5c 24 08 48 


Stack slot to memory mapping:

stack at sp + 0 slots: 0x00000000000001d6 is an unknown value
stack at sp + 1 slots: 0x00000000000001d6 is an unknown value
stack at sp + 2 slots: 0x0000022474427b90 points into unknown readable memory: 0x0000007d1a8fe660 | 60 e6 8f 1a 7d 00 00 00
stack at sp + 3 slots: 0x00007ffad0fb2b0c jvm.dll
stack at sp + 4 slots: 0x00000224754a8948 points into unknown readable memory: 0x00007ffad130ad68 | 68 ad 30 d1 fa 7f 00 00
stack at sp + 5 slots: 0x00007ffad0ffef5e jvm.dll
stack at sp + 6 slots: 0x0 is null
stack at sp + 7 slots: 0x0000000000000857 is an unknown value


---------------  P R O C E S S  ---------------

Threads class SMR info:
_java_thread_list=0x0000022476e93490, length=38, elements={
0x0000022415054430, 0x000002241731e750, 0x0000022417140640, 0x0000022417141970,
0x0000022417142ae0, 0x0000022417145050, 0x0000022417147ac0, 0x0000022417148b80,
0x00000224171b9090, 0x000002246f9e7340, 0x000002246fb0ddd0, 0x0000022474630900,
0x000002247452eaf0, 0x0000022474247240, 0x0000022474247c80, 0x00000224749375e0,
0x00000224747f6c60, 0x000002246fb01710, 0x0000022474bb1df0, 0x0000022474bb10d0,
0x0000022474bb2b10, 0x0000022476782fe0, 0x0000022476782950, 0x0000022476781c30,
0x0000022476786460, 0x00000224767822c0, 0x0000022476785dd0, 0x0000022476784a20,
0x00000224767850b0, 0x0000022476784390, 0x0000022476783670, 0x0000022476783d00,
0x0000022476780880, 0x0000022476787ea0, 0x0000022474b95150, 0x0000022474b94430,
0x0000022474b96b90, 0x0000022474b97220
}

Java Threads: ( => current thread )
  0x0000022415054430 JavaThread "main"                              [_thread_blocked, id=3596, stack(0x0000007d19e00000,0x0000007d19f00000) (1024K)]
  0x000002241731e750 JavaThread "Reference Handler"          daemon [_thread_blocked, id=1132, stack(0x0000007d1a200000,0x0000007d1a300000) (1024K)]
  0x0000022417140640 JavaThread "Finalizer"                  daemon [_thread_blocked, id=11624, stack(0x0000007d1a300000,0x0000007d1a400000) (1024K)]
  0x0000022417141970 JavaThread "Signal Dispatcher"          daemon [_thread_blocked, id=5076, stack(0x0000007d1a400000,0x0000007d1a500000) (1024K)]
  0x0000022417142ae0 JavaThread "Attach Listener"            daemon [_thread_blocked, id=13084, stack(0x0000007d1a500000,0x0000007d1a600000) (1024K)]
  0x0000022417145050 JavaThread "Service Thread"             daemon [_thread_blocked, id=10104, stack(0x0000007d1a600000,0x0000007d1a700000) (1024K)]
  0x0000022417147ac0 JavaThread "Monitor Deflation Thread"   daemon [_thread_blocked, id=2248, stack(0x0000007d1a700000,0x0000007d1a800000) (1024K)]
=>0x0000022417148b80 JavaThread "C2 CompilerThread0"         daemon [_thread_in_native, id=13300, stack(0x0000007d1a800000,0x0000007d1a900000) (1024K)]
  0x00000224171b9090 JavaThread "C1 CompilerThread0"         daemon [_thread_blocked, id=7244, stack(0x0000007d1a900000,0x0000007d1aa00000) (1024K)]
  0x000002246f9e7340 JavaThread "Common-Cleaner"             daemon [_thread_blocked, id=9388, stack(0x0000007d1aa00000,0x0000007d1ab00000) (1024K)]
  0x000002246fb0ddd0 JavaThread "Notification Thread"        daemon [_thread_blocked, id=3976, stack(0x0000007d1ac00000,0x0000007d1ad00000) (1024K)]
  0x0000022474630900 JavaThread "Active Thread: Equinox Container: 5de3438d-ddcd-4527-b9f2-ccd552abe49e"        [_thread_blocked, id=416, stack(0x0000007d1b000000,0x0000007d1b100000) (1024K)]
  0x000002247452eaf0 JavaThread "Refresh Thread: Equinox Container: 5de3438d-ddcd-4527-b9f2-ccd552abe49e" daemon [_thread_blocked, id=11960, stack(0x0000007d1b100000,0x0000007d1b200000) (1024K)]
  0x0000022474247240 JavaThread "Framework Event Dispatcher: Equinox Container: 5de3438d-ddcd-4527-b9f2-ccd552abe49e" daemon [_thread_blocked, id=3528, stack(0x0000007d1b200000,0x0000007d1b300000) (1024K)]
  0x0000022474247c80 JavaThread "Start Level: Equinox Container: 5de3438d-ddcd-4527-b9f2-ccd552abe49e" daemon [_thread_blocked, id=3804, stack(0x0000007d1b300000,0x0000007d1b400000) (1024K)]
  0x00000224749375e0 JavaThread "Bundle File Closer"         daemon [_thread_blocked, id=3312, stack(0x0000007d1b400000,0x0000007d1b500000) (1024K)]
  0x00000224747f6c60 JavaThread "SCR Component Actor"        daemon [_thread_blocked, id=1980, stack(0x0000007d1ab00000,0x0000007d1ac00000) (1024K)]
  0x000002246fb01710 JavaThread "Worker-JM"                         [_thread_blocked, id=9288, stack(0x0000007d1b600000,0x0000007d1b700000) (1024K)]
  0x0000022474bb1df0 JavaThread "Java indexing"              daemon [_thread_blocked, id=3040, stack(0x0000007d1b900000,0x0000007d1ba00000) (1024K)]
  0x0000022474bb10d0 JavaThread "JNA Cleaner"                daemon [_thread_blocked, id=2904, stack(0x0000007d1bc00000,0x0000007d1bd00000) (1024K)]
  0x0000022474bb2b10 JavaThread "Worker-4"                          [_thread_blocked, id=3272, stack(0x0000007d1bf00000,0x0000007d1c000000) (1024K)]
  0x0000022476782fe0 JavaThread "Thread-1"                   daemon [_thread_in_native, id=5460, stack(0x0000007d1c100000,0x0000007d1c200000) (1024K)]
  0x0000022476782950 JavaThread "Thread-2"                   daemon [_thread_in_native, id=2524, stack(0x0000007d1c200000,0x0000007d1c300000) (1024K)]
  0x0000022476781c30 JavaThread "Thread-3"                   daemon [_thread_in_native, id=12920, stack(0x0000007d1c300000,0x0000007d1c400000) (1024K)]
  0x0000022476786460 JavaThread "Thread-4"                   daemon [_thread_in_native, id=9868, stack(0x0000007d1c400000,0x0000007d1c500000) (1024K)]
  0x00000224767822c0 JavaThread "Thread-5"                   daemon [_thread_in_native, id=4024, stack(0x0000007d1c500000,0x0000007d1c600000) (1024K)]
  0x0000022476785dd0 JavaThread "pool-2-thread-1"                   [_thread_blocked, id=8008, stack(0x0000007d1c600000,0x0000007d1c700000) (1024K)]
  0x0000022476784a20 JavaThread "WorkspaceEventsHandler"            [_thread_blocked, id=7972, stack(0x0000007d1c800000,0x0000007d1c900000) (1024K)]
  0x00000224767850b0 JavaThread "pool-1-thread-1"                   [_thread_blocked, id=10036, stack(0x0000007d1c900000,0x0000007d1ca00000) (1024K)]
  0x0000022476784390 JavaThread "Compiler Source File Reader" daemon [_thread_blocked, id=1384, stack(0x0000007d1b500000,0x0000007d1b600000) (1024K)]
  0x0000022476783670 JavaThread "ForkJoinPool.commonPool-worker-1" daemon [_thread_blocked, id=8004, stack(0x0000007d1cd00000,0x0000007d1ce00000) (1024K)]
  0x0000022476783d00 JavaThread "ForkJoinPool.commonPool-worker-2" daemon [_thread_blocked, id=852, stack(0x0000007d1ce00000,0x0000007d1cf00000) (1024K)]
  0x0000022476780880 JavaThread "Cleaner-0"                  daemon [_thread_blocked, id=7732, stack(0x0000007d1d000000,0x0000007d1d100000) (1024K)]
  0x0000022476787ea0 JavaThread "Compiler Source File Reader" daemon [_thread_blocked, id=11744, stack(0x0000007d1d100000,0x0000007d1d200000) (1024K)]
  0x0000022474b95150 JavaThread "Worker-6"                          [_thread_blocked, id=12672, stack(0x0000007d19d00000,0x0000007d19e00000) (1024K)]
  0x0000022474b94430 JavaThread "ForkJoinPool.commonPool-worker-4" daemon [_thread_blocked, id=3096, stack(0x0000007d19c00000,0x0000007d19d00000) (1024K)]
  0x0000022474b96b90 JavaThread "Compiler Processing Task"   daemon [_thread_blocked, id=10452, stack(0x0000007d1b700000,0x0000007d1b800000) (1024K)]
  0x0000022474b97220 JavaThread "pool-1-thread-3"                   [_thread_blocked, id=2508, stack(0x0000007d1b800000,0x0000007d1b900000) (1024K)]
Total: 38

Other Threads:
  0x0000022417312cf0 VMThread "VM Thread"                           [id=13160, stack(0x0000007d1a100000,0x0000007d1a200000) (1024K)]
  0x00000224172bf040 WatcherThread "VM Periodic Task Thread"        [id=3812, stack(0x0000007d1a000000,0x0000007d1a100000) (1024K)]
  0x0000022417271300 WorkerThread "GC Thread#0"                     [id=1808, stack(0x0000007d19f00000,0x0000007d1a000000) (1024K)]
  0x0000022474108e10 WorkerThread "GC Thread#1"                     [id=960, stack(0x0000007d1ad00000,0x0000007d1ae00000) (1024K)]
  0x00000224741091c0 WorkerThread "GC Thread#2"                     [id=6596, stack(0x0000007d1ae00000,0x0000007d1af00000) (1024K)]
  0x0000022474109570 WorkerThread "GC Thread#3"                     [id=3512, stack(0x0000007d1af00000,0x0000007d1b000000) (1024K)]
Total: 6

Threads with active compile tasks:
C2 CompilerThread0  399025 17710   !   4       org.eclipse.jdt.ls.core.internal.handlers.JsonRpcHelpers::toLine (63 bytes)
Total: 1

VM state: not at safepoint (normal execution)

VM Mutex/Monitor currently owned by a thread: None

Heap address: 0x0000000080000000, size: 2048 MB, Compressed Oops mode: 32-bit

CDS archive(s) mapped at: [0x000002242e000000-0x000002242eba0000-0x000002242eba0000), size 12189696, SharedBaseAddress: 0x000002242e000000, ArchiveRelocationMode: 1.
Compressed class space mapped at: 0x000002242f000000-0x000002246f000000, reserved size: 1073741824
Narrow klass base: 0x000002242e000000, Narrow klass shift: 0, Narrow klass range: 0x100000000

GC Precious Log:
 CardTable entry size: 512
 CPUs: 4 total, 4 available
 Memory: 12188M
 Large Page Support: Disabled
 NUMA Support: Disabled
 Compressed Oops: Enabled (32-bit)
 Alignments: Space 512K, Generation 512K, Heap 2M
 Heap Min Capacity: 100M
 Heap Initial Capacity: 100M
 Heap Max Capacity: 2G
 Pre-touch: Disabled
 Parallel Workers: 4

Heap:
 PSYoungGen      total 3072K, used 2602K [0x00000000d5580000, 0x00000000d5b80000, 0x0000000100000000)
  eden space 2560K, 91% used [0x00000000d5580000,0x00000000d57caa00,0x00000000d5800000)
  from space 512K, 50% used [0x00000000d5a80000,0x00000000d5ac0000,0x00000000d5b00000)
  to   space 512K, 0% used [0x00000000d5b00000,0x00000000d5b00000,0x00000000d5b80000)
 ParOldGen       total 606208K, used 448087K [0x0000000080000000, 0x00000000a5000000, 0x00000000d5580000)
  object space 606208K, 73% used [0x0000000080000000,0x000000009b595f90,0x00000000a5000000)
 Metaspace       used 84592K, committed 86400K, reserved 1179648K
  class space    used 8760K, committed 9600K, reserved 1048576K

Card table byte_map: [0x0000022416c00000,0x0000022417010000] _byte_map_base: 0x0000022416800000

Marking Bits: (ParMarkBitMap*) 0x00007ffad15c3450
 Begin Bits: [0x0000022429710000, 0x000002242b710000)
 End Bits:   [0x000002242b710000, 0x000002242d710000)

Polling page: 0x0000022414f90000

Metaspace:

Usage:
  Non-class:     74.06 MB used.
      Class:      8.55 MB used.
       Both:     82.61 MB used.

Virtual space:
  Non-class space:      128.00 MB reserved,      75.00 MB ( 59%) committed,  2 nodes.
      Class space:        1.00 GB reserved,       9.38 MB ( <1%) committed,  1 nodes.
             Both:        1.12 GB reserved,      84.38 MB (  7%) committed. 

Chunk freelists:
   Non-Class:  4.40 MB
       Class:  6.67 MB
        Both:  11.08 MB

MaxMetaspaceSize: unlimited
CompressedClassSpaceSize: 1.00 GB
Initial GC threshold: 21.00 MB
Current GC threshold: 136.19 MB
CDS: on
 - commit_granule_bytes: 65536.
 - commit_granule_words: 8192.
 - virtual_space_node_default_size: 8388608.
 - enlarge_chunks_in_place: 1.
 - use_allocation_guard: 0.


Internal statistics:

num_allocs_failed_limit: 9.
num_arena_births: 1496.
num_arena_deaths: 32.
num_vsnodes_births: 3.
num_vsnodes_deaths: 0.
num_space_committed: 1350.
num_space_uncommitted: 0.
num_chunks_returned_to_freelist: 44.
num_chunks_taken_from_freelist: 5567.
num_chunk_merges: 14.
num_chunk_splits: 3318.
num_chunks_enlarged: 1828.
num_inconsistent_stats: 0.

CodeHeap 'non-profiled nmethods': size=120000Kb used=14502Kb max_used=14502Kb free=105497Kb
 bounds [0x0000022421f30000, 0x0000022422d60000, 0x0000022429460000]
CodeHeap 'profiled nmethods': size=120000Kb used=42480Kb max_used=42480Kb free=77519Kb
 bounds [0x000002241a460000, 0x000002241cde0000, 0x0000022421990000]
CodeHeap 'non-nmethods': size=5760Kb used=1516Kb max_used=1579Kb free=4243Kb
 bounds [0x0000022421990000, 0x0000022421c00000, 0x0000022421f30000]
CodeCache: size=245760Kb, used=58498Kb, max_used=58561Kb, free=187259Kb
 total_blobs=17022, nmethods=16182, adapters=741, full_count=0
Compilation: enabled, stopped_count=0, restarted_count=0

Compilation events (20 events):
Event: 398.921 Thread 0x0000022417148b80 nmethod 17701 0x0000022422d58890 code [0x0000022422d58aa0, 0x0000022422d58f00]
Event: 398.921 Thread 0x0000022417148b80 17700       4       com.sun.jna.Memory::boundsCheck (90 bytes)
Event: 398.921 Thread 0x0000022417148b80 nmethod 17700 0x0000022422d59310 code [0x0000022422d594a0, 0x0000022422d59598]
Event: 398.921 Thread 0x0000022417148b80 17702       4       org.eclipse.jdt.core.dom.ASTVisitor::endVisit (1 bytes)
Event: 398.921 Thread 0x0000022417148b80 nmethod 17702 0x0000022422d59690 code [0x0000022422d59820, 0x0000022422d598a8]
Event: 398.936 Thread 0x00000224171b9090 17709       3       org.eclipse.jdt.ls.core.internal.JSONUtility::toModel (76 bytes)
Event: 398.936 Thread 0x0000022417148b80 17710   !   4       org.eclipse.jdt.ls.core.internal.handlers.JsonRpcHelpers::toLine (63 bytes)
Event: 398.936 Thread 0x00000224171b9090 nmethod 17709 0x000002241cdd2e10 code [0x000002241cdd3100, 0x000002241cdd40c0]
Event: 398.937 Thread 0x00000224171b9090 17711       3       java.lang.invoke.LambdaForm$MH/0x000002242f929800::invoke (42 bytes)
Event: 398.938 Thread 0x00000224171b9090 nmethod 17711 0x000002241cdd4590 code [0x000002241cdd4820, 0x000002241cdd55a0]
Event: 398.938 Thread 0x00000224171b9090 17712       3       java.lang.invoke.LambdaForm$MH/0x000002242f929c00::invoke (42 bytes)
Event: 398.940 Thread 0x00000224171b9090 nmethod 17712 0x000002241cdd5a10 code [0x000002241cdd5ca0, 0x000002241cdd6a20]
Event: 398.940 Thread 0x00000224171b9090 17713       3       java.lang.invoke.LambdaForm$MH/0x000002242f92a800::invoke (42 bytes)
Event: 398.941 Thread 0x00000224171b9090 nmethod 17713 0x000002241cdd6e90 code [0x000002241cdd7120, 0x000002241cdd7ea0]
Event: 398.941 Thread 0x00000224171b9090 17714       3       org.eclipse.jdt.internal.compiler.ast.TypeReference::updateParameterizedTypeWithAnnotations (191 bytes)
Event: 398.942 Thread 0x00000224171b9090 nmethod 17714 0x000002241cdd8310 code [0x000002241cdd85c0, 0x000002241cdd97c8]
Event: 398.946 Thread 0x00000224171b9090 17715       3       org.eclipse.jdt.internal.compiler.codegen.StackMapFrameCodeStream::resetSecretLocals (43 bytes)
Event: 398.947 Thread 0x00000224171b9090 nmethod 17715 0x000002241cdd9d90 code [0x000002241cdd9f60, 0x000002241cdda3f8]
Event: 398.947 Thread 0x00000224171b9090 17716   !   3       org.eclipse.jdt.internal.compiler.lookup.LookupEnvironment::getModuleFromAnswer (135 bytes)
Event: 398.948 Thread 0x00000224171b9090 nmethod 17716 0x000002241cdda590 code [0x000002241cdda800, 0x000002241cddb160]

GC Heap History (20 events):
Event: 398.081 GC heap before
{Heap before GC invocations=1054 (full 4):
 PSYoungGen      total 3072K, used 2831K [0x00000000d5580000, 0x00000000d5a00000, 0x0000000100000000)
  eden space 2560K, 99% used [0x00000000d5580000,0x00000000d57fffd8,0x00000000d5800000)
  from space 512K, 53% used [0x00000000d5900000,0x00000000d5944010,0x00000000d5980000)
  to   space 512K, 0% used [0x00000000d5980000,0x00000000d5980000,0x00000000d5a00000)
 ParOldGen       total 606208K, used 442559K [0x0000000080000000, 0x00000000a5000000, 0x00000000d5580000)
  object space 606208K, 73% used [0x0000000080000000,0x000000009b02fee0,0x00000000a5000000)
 Metaspace       used 84499K, committed 86272K, reserved 1179648K
  class space    used 8760K, committed 9600K, reserved 1048576K
}
Event: 398.083 GC heap after
{Heap after GC invocations=1054 (full 4):
 PSYoungGen      total 3072K, used 486K [0x00000000d5580000, 0x00000000d5a00000, 0x0000000100000000)
  eden space 2560K, 0% used [0x00000000d5580000,0x00000000d5580000,0x00000000d5800000)
  from space 512K, 94% used [0x00000000d5980000,0x00000000d59f9850,0x00000000d5a00000)
  to   space 1024K, 0% used [0x00000000d5800000,0x00000000d5800000,0x00000000d5900000)
 ParOldGen       total 606208K, used 442821K [0x0000000080000000, 0x00000000a5000000, 0x00000000d5580000)
  object space 606208K, 73% used [0x0000000080000000,0x000000009b071730,0x00000000a5000000)
 Metaspace       used 84499K, committed 86272K, reserved 1179648K
  class space    used 8760K, committed 9600K, reserved 1048576K
}
Event: 398.087 GC heap before
{Heap before GC invocations=1055 (full 4):
 PSYoungGen      total 3072K, used 3046K [0x00000000d5580000, 0x00000000d5a00000, 0x0000000100000000)
  eden space 2560K, 100% used [0x00000000d5580000,0x00000000d5800000,0x00000000d5800000)
  from space 512K, 94% used [0x00000000d5980000,0x00000000d59f9850,0x00000000d5a00000)
  to   space 1024K, 0% used [0x00000000d5800000,0x00000000d5800000,0x00000000d5900000)
 ParOldGen       total 606208K, used 442821K [0x0000000080000000, 0x00000000a5000000, 0x00000000d5580000)
  object space 606208K, 73% used [0x0000000080000000,0x000000009b071730,0x00000000a5000000)
 Metaspace       used 84520K, committed 86336K, reserved 1179648K
  class space    used 8760K, committed 9600K, reserved 1048576K
}
Event: 398.090 GC heap after
{Heap after GC invocations=1055 (full 4):
 PSYoungGen      total 3584K, used 1024K [0x00000000d5580000, 0x00000000d5f00000, 0x0000000100000000)
  eden space 2560K, 0% used [0x00000000d5580000,0x00000000d5580000,0x00000000d5800000)
  from space 1024K, 100% used [0x00000000d5800000,0x00000000d5900000,0x00000000d5900000)
  to   space 3584K, 0% used [0x00000000d5b80000,0x00000000d5b80000,0x00000000d5f00000)
 ParOldGen       total 606208K, used 444721K [0x0000000080000000, 0x00000000a5000000, 0x00000000d5580000)
  object space 606208K, 73% used [0x0000000080000000,0x000000009b24c410,0x00000000a5000000)
 Metaspace       used 84520K, committed 86336K, reserved 1179648K
  class space    used 8760K, committed 9600K, reserved 1048576K
}
Event: 398.096 GC heap before
{Heap before GC invocations=1056 (full 4):
 PSYoungGen      total 3584K, used 3584K [0x00000000d5580000, 0x00000000d5f00000, 0x0000000100000000)
  eden space 2560K, 100% used [0x00000000d5580000,0x00000000d5800000,0x00000000d5800000)
  from space 1024K, 100% used [0x00000000d5800000,0x00000000d5900000,0x00000000d5900000)
  to   space 3584K, 0% used [0x00000000d5b80000,0x00000000d5b80000,0x00000000d5f00000)
 ParOldGen       total 606208K, used 444721K [0x0000000080000000, 0x00000000a5000000, 0x00000000d5580000)
  object space 606208K, 73% used [0x0000000080000000,0x000000009b24c410,0x00000000a5000000)
 Metaspace       used 84520K, committed 86336K, reserved 1179648K
  class space    used 8760K, committed 9600K, reserved 1048576K
}
Event: 398.098 GC heap after
{Heap after GC invocations=1056 (full 4):
 PSYoungGen      total 4096K, used 1344K [0x00000000d5580000, 0x00000000d5d00000, 0x0000000100000000)
  eden space 2560K, 0% used [0x00000000d5580000,0x00000000d5580000,0x00000000d5800000)
  from space 1536K, 87% used [0x00000000d5b80000,0x00000000d5cd0000,0x00000000d5d00000)
  to   space 2048K, 0% used [0x00000000d5900000,0x00000000d5900000,0x00000000d5b00000)
 ParOldGen       total 606208K, used 445769K [0x0000000080000000, 0x00000000a5000000, 0x00000000d5580000)
  object space 606208K, 73% used [0x0000000080000000,0x000000009b352410,0x00000000a5000000)
 Metaspace       used 84520K, committed 86336K, reserved 1179648K
  class space    used 8760K, committed 9600K, reserved 1048576K
}
Event: 398.123 GC heap before
{Heap before GC invocations=1057 (full 4):
 PSYoungGen      total 4096K, used 3904K [0x00000000d5580000, 0x00000000d5d00000, 0x0000000100000000)
  eden space 2560K, 100% used [0x00000000d5580000,0x00000000d5800000,0x00000000d5800000)
  from space 1536K, 87% used [0x00000000d5b80000,0x00000000d5cd0000,0x00000000d5d00000)
  to   space 2048K, 0% used [0x00000000d5900000,0x00000000d5900000,0x00000000d5b00000)
 ParOldGen       total 606208K, used 445769K [0x0000000080000000, 0x00000000a5000000, 0x00000000d5580000)
  object space 606208K, 73% used [0x0000000080000000,0x000000009b352410,0x00000000a5000000)
 Metaspace       used 84555K, committed 86336K, reserved 1179648K
  class space    used 8760K, committed 9600K, reserved 1048576K
}
Event: 398.126 GC heap after
{Heap after GC invocations=1057 (full 4):
 PSYoungGen      total 4608K, used 288K [0x00000000d5580000, 0x00000000d5c00000, 0x0000000100000000)
  eden space 2560K, 0% used [0x00000000d5580000,0x00000000d5580000,0x00000000d5800000)
  from space 2048K, 14% used [0x00000000d5900000,0x00000000d5948020,0x00000000d5b00000)
  to   space 1024K, 0% used [0x00000000d5b00000,0x00000000d5b00000,0x00000000d5c00000)
 ParOldGen       total 606208K, used 447040K [0x0000000080000000, 0x00000000a5000000, 0x00000000d5580000)
  object space 606208K, 73% used [0x0000000080000000,0x000000009b490110,0x00000000a5000000)
 Metaspace       used 84555K, committed 86336K, reserved 1179648K
  class space    used 8760K, committed 9600K, reserved 1048576K
}
Event: 398.155 GC heap before
{Heap before GC invocations=1058 (full 4):
 PSYoungGen      total 4608K, used 2848K [0x00000000d5580000, 0x00000000d5c00000, 0x0000000100000000)
  eden space 2560K, 100% used [0x00000000d5580000,0x00000000d5800000,0x00000000d5800000)
  from space 2048K, 14% used [0x00000000d5900000,0x00000000d5948020,0x00000000d5b00000)
  to   space 1024K, 0% used [0x00000000d5b00000,0x00000000d5b00000,0x00000000d5c00000)
 ParOldGen       total 606208K, used 447040K [0x0000000080000000, 0x00000000a5000000, 0x00000000d5580000)
  object space 606208K, 73% used [0x0000000080000000,0x000000009b490110,0x00000000a5000000)
 Metaspace       used 84561K, committed 86336K, reserved 1179648K
  class space    used 8760K, committed 9600K, reserved 1048576K
}
Event: 398.156 GC heap after
{Heap after GC invocations=1058 (full 4):
 PSYoungGen      total 3584K, used 720K [0x00000000d5580000, 0x00000000d5c00000, 0x0000000100000000)
  eden space 2560K, 0% used [0x00000000d5580000,0x00000000d5580000,0x00000000d5800000)
  from space 1024K, 70% used [0x00000000d5b00000,0x00000000d5bb4010,0x00000000d5c00000)
  to   space 1024K, 0% used [0x00000000d5a00000,0x00000000d5a00000,0x00000000d5b00000)
 ParOldGen       total 606208K, used 447285K [0x0000000080000000, 0x00000000a5000000, 0x00000000d5580000)
  object space 606208K, 73% used [0x0000000080000000,0x000000009b4cd530,0x00000000a5000000)
 Metaspace       used 84561K, committed 86336K, reserved 1179648K
  class space    used 8760K, committed 9600K, reserved 1048576K
}
Event: 398.345 GC heap before
{Heap before GC invocations=1059 (full 4):
 PSYoungGen      total 3584K, used 3280K [0x00000000d5580000, 0x00000000d5c00000, 0x0000000100000000)
  eden space 2560K, 100% used [0x00000000d5580000,0x00000000d5800000,0x00000000d5800000)
  from space 1024K, 70% used [0x00000000d5b00000,0x00000000d5bb4010,0x00000000d5c00000)
  to   space 1024K, 0% used [0x00000000d5a00000,0x00000000d5a00000,0x00000000d5b00000)
 ParOldGen       total 606208K, used 447285K [0x0000000080000000, 0x00000000a5000000, 0x00000000d5580000)
  object space 606208K, 73% used [0x0000000080000000,0x000000009b4cd530,0x00000000a5000000)
 Metaspace       used 84571K, committed 86336K, reserved 1179648K
  class space    used 8760K, committed 9600K, reserved 1048576K
}
Event: 398.347 GC heap after
{Heap after GC invocations=1059 (full 4):
 PSYoungGen      total 3584K, used 640K [0x00000000d5580000, 0x00000000d5b80000, 0x0000000100000000)
  eden space 2560K, 0% used [0x00000000d5580000,0x00000000d5580000,0x00000000d5800000)
  from space 1024K, 62% used [0x00000000d5a00000,0x00000000d5aa0000,0x00000000d5b00000)
  to   space 512K, 0% used [0x00000000d5b00000,0x00000000d5b00000,0x00000000d5b80000)
 ParOldGen       total 606208K, used 447301K [0x0000000080000000, 0x00000000a5000000, 0x00000000d5580000)
  object space 606208K, 73% used [0x0000000080000000,0x000000009b4d1530,0x00000000a5000000)
 Metaspace       used 84571K, committed 86336K, reserved 1179648K
  class space    used 8760K, committed 9600K, reserved 1048576K
}
Event: 398.560 GC heap before
{Heap before GC invocations=1060 (full 4):
 PSYoungGen      total 3584K, used 3200K [0x00000000d5580000, 0x00000000d5b80000, 0x0000000100000000)
  eden space 2560K, 100% used [0x00000000d5580000,0x00000000d5800000,0x00000000d5800000)
  from space 1024K, 62% used [0x00000000d5a00000,0x00000000d5aa0000,0x00000000d5b00000)
  to   space 512K, 0% used [0x00000000d5b00000,0x00000000d5b00000,0x00000000d5b80000)
 ParOldGen       total 606208K, used 447301K [0x0000000080000000, 0x00000000a5000000, 0x00000000d5580000)
  object space 606208K, 73% used [0x0000000080000000,0x000000009b4d1530,0x00000000a5000000)
 Metaspace       used 84572K, committed 86336K, reserved 1179648K
  class space    used 8760K, committed 9600K, reserved 1048576K
}
Event: 398.561 GC heap after
{Heap after GC invocations=1060 (full 4):
 PSYoungGen      total 3072K, used 480K [0x00000000d5580000, 0x00000000d5b80000, 0x0000000100000000)
  eden space 2560K, 0% used [0x00000000d5580000,0x00000000d5580000,0x00000000d5800000)
  from space 512K, 93% used [0x00000000d5b00000,0x00000000d5b78000,0x00000000d5b80000)
  to   space 1024K, 0% used [0x00000000d5980000,0x00000000d5980000,0x00000000d5a80000)
 ParOldGen       total 606208K, used 447317K [0x0000000080000000, 0x00000000a5000000, 0x00000000d5580000)
  object space 606208K, 73% used [0x0000000080000000,0x000000009b4d5530,0x00000000a5000000)
 Metaspace       used 84572K, committed 86336K, reserved 1179648K
  class space    used 8760K, committed 9600K, reserved 1048576K
}
Event: 398.637 GC heap before
{Heap before GC invocations=1061 (full 4):
 PSYoungGen      total 3072K, used 3039K [0x00000000d5580000, 0x00000000d5b80000, 0x0000000100000000)
  eden space 2560K, 99% used [0x00000000d5580000,0x00000000d57fffe0,0x00000000d5800000)
  from space 512K, 93% used [0x00000000d5b00000,0x00000000d5b78000,0x00000000d5b80000)
  to   space 1024K, 0% used [0x00000000d5980000,0x00000000d5980000,0x00000000d5a80000)
 ParOldGen       total 606208K, used 447317K [0x0000000080000000, 0x00000000a5000000, 0x00000000d5580000)
  object space 606208K, 73% used [0x0000000080000000,0x000000009b4d5530,0x00000000a5000000)
 Metaspace       used 84576K, committed 86400K, reserved 1179648K
  class space    used 8760K, committed 9600K, reserved 1048576K
}
Event: 398.638 GC heap after
{Heap after GC invocations=1061 (full 4):
 PSYoungGen      total 3584K, used 384K [0x00000000d5580000, 0x00000000d5b80000, 0x0000000100000000)
  eden space 2560K, 0% used [0x00000000d5580000,0x00000000d5580000,0x00000000d5800000)
  from space 1024K, 37% used [0x00000000d5980000,0x00000000d59e0000,0x00000000d5a80000)
  to   space 512K, 0% used [0x00000000d5b00000,0x00000000d5b00000,0x00000000d5b80000)
 ParOldGen       total 606208K, used 447333K [0x0000000080000000, 0x00000000a5000000, 0x00000000d5580000)
  object space 606208K, 73% used [0x0000000080000000,0x000000009b4d9530,0x00000000a5000000)
 Metaspace       used 84576K, committed 86400K, reserved 1179648K
  class space    used 8760K, committed 9600K, reserved 1048576K
}
Event: 398.852 GC heap before
{Heap before GC invocations=1062 (full 4):
 PSYoungGen      total 3584K, used 2944K [0x00000000d5580000, 0x00000000d5b80000, 0x0000000100000000)
  eden space 2560K, 100% used [0x00000000d5580000,0x00000000d5800000,0x00000000d5800000)
  from space 1024K, 37% used [0x00000000d5980000,0x00000000d59e0000,0x00000000d5a80000)
  to   space 512K, 0% used [0x00000000d5b00000,0x00000000d5b00000,0x00000000d5b80000)
 ParOldGen       total 606208K, used 447333K [0x0000000080000000, 0x00000000a5000000, 0x00000000d5580000)
  object space 606208K, 73% used [0x0000000080000000,0x000000009b4d9530,0x00000000a5000000)
 Metaspace       used 84582K, committed 86400K, reserved 1179648K
  class space    used 8760K, committed 9600K, reserved 1048576K
}
Event: 398.854 GC heap after
{Heap after GC invocations=1062 (full 4):
 PSYoungGen      total 3072K, used 448K [0x00000000d5580000, 0x00000000d5b80000, 0x0000000100000000)
  eden space 2560K, 0% used [0x00000000d5580000,0x00000000d5580000,0x00000000d5800000)
  from space 512K, 87% used [0x00000000d5b00000,0x00000000d5b70000,0x00000000d5b80000)
  to   space 512K, 0% used [0x00000000d5a80000,0x00000000d5a80000,0x00000000d5b00000)
 ParOldGen       total 606208K, used 447675K [0x0000000080000000, 0x00000000a5000000, 0x00000000d5580000)
  object space 606208K, 73% used [0x0000000080000000,0x000000009b52ef80,0x00000000a5000000)
 Metaspace       used 84582K, committed 86400K, reserved 1179648K
  class space    used 8760K, committed 9600K, reserved 1048576K
}
Event: 398.938 GC heap before
{Heap before GC invocations=1063 (full 4):
 PSYoungGen      total 3072K, used 3008K [0x00000000d5580000, 0x00000000d5b80000, 0x0000000100000000)
  eden space 2560K, 100% used [0x00000000d5580000,0x00000000d5800000,0x00000000d5800000)
  from space 512K, 87% used [0x00000000d5b00000,0x00000000d5b70000,0x00000000d5b80000)
  to   space 512K, 0% used [0x00000000d5a80000,0x00000000d5a80000,0x00000000d5b00000)
 ParOldGen       total 606208K, used 447675K [0x0000000080000000, 0x00000000a5000000, 0x00000000d5580000)
  object space 606208K, 73% used [0x0000000080000000,0x000000009b52ef80,0x00000000a5000000)
 Metaspace       used 84590K, committed 86400K, reserved 1179648K
  class space    used 8760K, committed 9600K, reserved 1048576K
}
Event: 398.939 GC heap after
{Heap after GC invocations=1063 (full 4):
 PSYoungGen      total 3072K, used 256K [0x00000000d5580000, 0x00000000d5b80000, 0x0000000100000000)
  eden space 2560K, 0% used [0x00000000d5580000,0x00000000d5580000,0x00000000d5800000)
  from space 512K, 50% used [0x00000000d5a80000,0x00000000d5ac0000,0x00000000d5b00000)
  to   space 512K, 0% used [0x00000000d5b00000,0x00000000d5b00000,0x00000000d5b80000)
 ParOldGen       total 606208K, used 448087K [0x0000000080000000, 0x00000000a5000000, 0x00000000d5580000)
  object space 606208K, 73% used [0x0000000080000000,0x000000009b595f90,0x00000000a5000000)
 Metaspace       used 84590K, committed 86400K, reserved 1179648K
  class space    used 8760K, committed 9600K, reserved 1048576K
}

Dll operation events (14 events):
Event: 0.018 Loaded shared library c:\Users\Arvind\.vscode\extensions\redhat.java-1.54.0-win32-x64\jre\21.0.10-win32-x86_64\bin\java.dll
Event: 0.132 Loaded shared library c:\Users\Arvind\.vscode\extensions\redhat.java-1.54.0-win32-x64\jre\21.0.10-win32-x86_64\bin\zip.dll
Event: 0.202 Loaded shared library C:\Users\Arvind\.vscode\extensions\redhat.java-1.54.0-win32-x64\jre\21.0.10-win32-x86_64\bin\instrument.dll
Event: 0.208 Loaded shared library C:\Users\Arvind\.vscode\extensions\redhat.java-1.54.0-win32-x64\jre\21.0.10-win32-x86_64\bin\net.dll
Event: 0.210 Loaded shared library C:\Users\Arvind\.vscode\extensions\redhat.java-1.54.0-win32-x64\jre\21.0.10-win32-x86_64\bin\nio.dll
Event: 0.214 Loaded shared library C:\Users\Arvind\.vscode\extensions\redhat.java-1.54.0-win32-x64\jre\21.0.10-win32-x86_64\bin\zip.dll
Event: 0.258 Loaded shared library C:\Users\Arvind\.vscode\extensions\redhat.java-1.54.0-win32-x64\jre\21.0.10-win32-x86_64\bin\jimage.dll
Event: 0.439 Loaded shared library c:\Users\Arvind\.vscode\extensions\redhat.java-1.54.0-win32-x64\jre\21.0.10-win32-x86_64\bin\verify.dll
Event: 2.390 Loaded shared library C:\Users\Arvind\AppData\Roaming\Code\User\globalStorage\redhat.java\1.54.0\config_win\org.eclipse.equinox.launcher\org.eclipse.equinox.launcher.win32.win32.x86_64_1.3.0.v20260203-2149\eclipse_11919.dll
Event: 5.769 Loaded shared library C:\Users\Arvind\.vscode\extensions\redhat.java-1.54.0-win32-x64\jre\21.0.10-win32-x86_64\bin\management.dll
Event: 5.772 Loaded shared library C:\Users\Arvind\.vscode\extensions\redhat.java-1.54.0-win32-x64\jre\21.0.10-win32-x86_64\bin\management_ext.dll
Event: 8.500 Loaded shared library C:\Users\Arvind\AppData\Local\Temp\jna-1969795962\jna9955042415986511416.dll
Event: 8.977 Loaded shared library C:\Users\Arvind\.vscode\extensions\redhat.java-1.54.0-win32-x64\jre\21.0.10-win32-x86_64\bin\sunmscapi.dll
Event: 9.806 Loaded shared library C:\Users\Arvind\.vscode\extensions\redhat.java-1.54.0-win32-x64\jre\21.0.10-win32-x86_64\bin\extnet.dll

Deoptimization events (20 events):
Event: 398.113 Thread 0x0000022474b97220 Uncommon trap: trap_request=0xffffffbe fr.pc=0x0000022422923a18 relative=0x00000000000001f8
Event: 398.113 Thread 0x0000022474b97220 Uncommon trap: reason=profile_predicate action=maybe_recompile pc=0x0000022422923a18 method=java.util.regex.Pattern.RemoveQEQuoting()V @ 7 c2
Event: 398.113 Thread 0x0000022474b97220 DEOPT PACKING pc=0x0000022422923a18 sp=0x0000007d1b8fe4c0
Event: 398.113 Thread 0x0000022474b97220 DEOPT UNPACKING pc=0x00000224219e3aa2 sp=0x0000007d1b8fe430 mode 2
Event: 398.113 Thread 0x0000022474b97220 Uncommon trap: trap_request=0xffffffbe fr.pc=0x0000022422923a18 relative=0x00000000000001f8
Event: 398.113 Thread 0x0000022474b97220 Uncommon trap: reason=profile_predicate action=maybe_recompile pc=0x0000022422923a18 method=java.util.regex.Pattern.RemoveQEQuoting()V @ 7 c2
Event: 398.113 Thread 0x0000022474b97220 DEOPT PACKING pc=0x0000022422923a18 sp=0x0000007d1b8fe4c0
Event: 398.113 Thread 0x0000022474b97220 DEOPT UNPACKING pc=0x00000224219e3aa2 sp=0x0000007d1b8fe430 mode 2
Event: 398.113 Thread 0x0000022474b97220 Uncommon trap: trap_request=0xffffffbe fr.pc=0x0000022422923a18 relative=0x00000000000001f8
Event: 398.113 Thread 0x0000022474b97220 Uncommon trap: reason=profile_predicate action=maybe_recompile pc=0x0000022422923a18 method=java.util.regex.Pattern.RemoveQEQuoting()V @ 7 c2
Event: 398.113 Thread 0x0000022474b97220 DEOPT PACKING pc=0x0000022422923a18 sp=0x0000007d1b8fe4c0
Event: 398.113 Thread 0x0000022474b97220 DEOPT UNPACKING pc=0x00000224219e3aa2 sp=0x0000007d1b8fe430 mode 2
Event: 398.114 Thread 0x0000022474b97220 Uncommon trap: trap_request=0xffffff45 fr.pc=0x0000022422c9eec8 relative=0x0000000000003aa8
Event: 398.114 Thread 0x0000022474b97220 Uncommon trap: reason=unstable_if action=reinterpret pc=0x0000022422c9eec8 method=org.eclipse.jdt.internal.compiler.parser.TypeConverter.decodeType(Ljava/lang/String;III)Lorg/eclipse/jdt/internal/compiler/ast/TypeReference; @ 36 c2
Event: 398.114 Thread 0x0000022474b97220 DEOPT PACKING pc=0x0000022422c9eec8 sp=0x0000007d1b8fdf20
Event: 398.114 Thread 0x0000022474b97220 DEOPT UNPACKING pc=0x00000224219e3aa2 sp=0x0000007d1b8fded0 mode 2
Event: 398.118 Thread 0x0000022474b97220 Uncommon trap: trap_request=0xffffff45 fr.pc=0x0000022422d37c84 relative=0x0000000000001624
Event: 398.118 Thread 0x0000022474b97220 Uncommon trap: reason=unstable_if action=reinterpret pc=0x0000022422d37c84 method=org.eclipse.jdt.internal.compiler.lookup.ReferenceBinding.computeId()V @ 677 c2
Event: 398.118 Thread 0x0000022474b97220 DEOPT PACKING pc=0x0000022422d37c84 sp=0x0000007d1b8fdc30
Event: 398.118 Thread 0x0000022474b97220 DEOPT UNPACKING pc=0x00000224219e3aa2 sp=0x0000007d1b8fdbb0 mode 2

Classes loaded (20 events):
Event: 25.735 Loading class java/util/regex/Pattern$Neg
Event: 25.735 Loading class java/util/regex/Pattern$Neg done
Event: 25.997 Loading class java/util/stream/DistinctOps
Event: 25.997 Loading class java/util/stream/DistinctOps done
Event: 25.997 Loading class java/util/stream/DistinctOps$1
Event: 25.998 Loading class java/util/stream/DistinctOps$1 done
Event: 26.002 Loading class java/util/stream/DistinctOps$1$2
Event: 26.002 Loading class java/util/stream/DistinctOps$1$2 done
Event: 53.297 Loading class java/util/function/IntPredicate
Event: 53.297 Loading class java/util/function/IntPredicate done
Event: 53.310 Loading class java/util/regex/Pattern$Bound
Event: 53.310 Loading class java/util/regex/Pattern$Bound done
Event: 53.439 Loading class java/lang/StringLatin1$LinesSpliterator
Event: 53.439 Loading class java/lang/StringLatin1$LinesSpliterator done
Event: 192.632 Loading class jdk/internal/icu/text/NormalizerBase$NFCModeImpl
Event: 192.632 Loading class jdk/internal/icu/text/NormalizerBase$NFCModeImpl done
Event: 192.632 Loading class jdk/internal/icu/impl/Norm2AllModes$NFCSingleton
Event: 192.632 Loading class jdk/internal/icu/impl/Norm2AllModes$NFCSingleton done
Event: 192.632 Loading class java/nio/StringCharBuffer
Event: 192.633 Loading class java/nio/StringCharBuffer done

Classes unloaded (16 events):
Event: 6.681 Thread 0x0000022417312cf0 Unloading class 0x000002242f1a4800 'java/lang/invoke/LambdaForm$MH+0x000002242f1a4800'
Event: 6.681 Thread 0x0000022417312cf0 Unloading class 0x000002242f1a4400 'java/lang/invoke/LambdaForm$MH+0x000002242f1a4400'
Event: 6.681 Thread 0x0000022417312cf0 Unloading class 0x000002242f1a4000 'java/lang/invoke/LambdaForm$MH+0x000002242f1a4000'
Event: 6.681 Thread 0x0000022417312cf0 Unloading class 0x000002242f1a3c00 'java/lang/invoke/LambdaForm$MH+0x000002242f1a3c00'
Event: 6.681 Thread 0x0000022417312cf0 Unloading class 0x000002242f1a3800 'java/lang/invoke/LambdaForm$BMH+0x000002242f1a3800'
Event: 6.681 Thread 0x0000022417312cf0 Unloading class 0x000002242f1a3400 'java/lang/invoke/LambdaForm$DMH+0x000002242f1a3400'
Event: 6.681 Thread 0x0000022417312cf0 Unloading class 0x000002242f1a2000 'java/lang/invoke/LambdaForm$DMH+0x000002242f1a2000'
Event: 9.022 Thread 0x0000022417312cf0 Unloading class 0x000002242f2f2400 'java/lang/invoke/LambdaForm$MH+0x000002242f2f2400'
Event: 9.022 Thread 0x0000022417312cf0 Unloading class 0x000002242f2f1800 'java/lang/invoke/LambdaForm$MH+0x000002242f2f1800'
Event: 9.022 Thread 0x0000022417312cf0 Unloading class 0x000002242f2f1400 'java/lang/invoke/LambdaForm$MH+0x000002242f2f1400'
Event: 9.022 Thread 0x0000022417312cf0 Unloading class 0x000002242f2f0c00 'java/lang/invoke/LambdaForm$MH+0x000002242f2f0c00'
Event: 9.022 Thread 0x0000022417312cf0 Unloading class 0x000002242f2efc00 'java/lang/invoke/LambdaForm$MH+0x000002242f2efc00'
Event: 9.022 Thread 0x0000022417312cf0 Unloading class 0x000002242f2eac00 'java/lang/invoke/LambdaForm$MH+0x000002242f2eac00'
Event: 9.022 Thread 0x0000022417312cf0 Unloading class 0x000002242f2ea400 'java/lang/invoke/LambdaForm$MH+0x000002242f2ea400'
Event: 9.022 Thread 0x0000022417312cf0 Unloading class 0x000002242f2e9c00 'java/lang/invoke/LambdaForm$MH+0x000002242f2e9c00'
Event: 9.022 Thread 0x0000022417312cf0 Unloading class 0x000002242f2e9800 'java/lang/invoke/LambdaForm$MH+0x000002242f2e9800'

Classes redefined (0 events):
No events

Internal exceptions (20 events):
Event: 223.746 Thread 0x0000022474bb1df0 Exception <a 'sun/nio/fs/WindowsException'{0x00000000d56fc2c0}> (0x00000000d56fc2c0) 
thrown [s\src\hotspot\share\prims\jni.cpp, line 520]
Event: 226.933 Thread 0x00000224767850b0 Exception <a 'java/lang/ArrayIndexOutOfBoundsException'{0x00000000d565c428}> (0x00000000d565c428) 
thrown [s\src\hotspot\share\runtime\sharedRuntime.cpp, line 625]
Event: 228.256 Thread 0x0000022474bb1df0 Exception <a 'sun/nio/fs/WindowsException'{0x00000000d5584658}> (0x00000000d5584658) 
thrown [s\src\hotspot\share\prims\jni.cpp, line 520]
Event: 228.336 Thread 0x0000022474bb1df0 Exception <a 'sun/nio/fs/WindowsException'{0x00000000d57b42b0}> (0x00000000d57b42b0) 
thrown [s\src\hotspot\share\prims\jni.cpp, line 520]
Event: 242.775 Thread 0x0000022476786af0 Implicit null exception at 0x00000224227c9446 to 0x00000224227c94b4
Event: 242.832 Thread 0x0000022476786af0 Implicit null exception at 0x00000224221a081f to 0x00000224221a4cfc
Event: 242.832 Thread 0x0000022476786af0 Implicit null exception at 0x000002242299a5d4 to 0x000002242299a980
Event: 242.832 Thread 0x0000022476786af0 Implicit null exception at 0x0000022422636a25 to 0x0000022422636d94
Event: 243.048 Thread 0x0000022476786af0 Exception <a 'sun/nio/fs/WindowsException'{0x00000000d5619d80}> (0x00000000d5619d80) 
thrown [s\src\hotspot\share\prims\jni.cpp, line 520]
Event: 243.048 Thread 0x0000022476786af0 Exception <a 'sun/nio/fs/WindowsException'{0x00000000d561a3b0}> (0x00000000d561a3b0) 
thrown [s\src\hotspot\share\prims\jni.cpp, line 520]
Event: 246.040 Thread 0x0000022474bb1df0 Exception <a 'sun/nio/fs/WindowsException'{0x00000000d5879b60}> (0x00000000d5879b60) 
thrown [s\src\hotspot\share\prims\jni.cpp, line 520]
Event: 246.105 Thread 0x0000022474bb1df0 Exception <a 'sun/nio/fs/WindowsException'{0x00000000d5593dc8}> (0x00000000d5593dc8) 
thrown [s\src\hotspot\share\prims\jni.cpp, line 520]
Event: 250.120 Thread 0x0000022474bb1df0 Exception <a 'sun/nio/fs/WindowsException'{0x00000000d5666c18}> (0x00000000d5666c18) 
thrown [s\src\hotspot\share\prims\jni.cpp, line 520]
Event: 250.195 Thread 0x0000022474bb1df0 Exception <a 'sun/nio/fs/WindowsException'{0x00000000d55df208}> (0x00000000d55df208) 
thrown [s\src\hotspot\share\prims\jni.cpp, line 520]
Event: 395.054 Thread 0x00000224767850b0 Exception <a 'java/lang/ArrayIndexOutOfBoundsException'{0x00000000d560fe88}> (0x00000000d560fe88) 
thrown [s\src\hotspot\share\runtime\sharedRuntime.cpp, line 625]
Event: 395.056 Thread 0x00000224767850b0 Exception <a 'java/lang/ArrayIndexOutOfBoundsException'{0x00000000d56b0e90}> (0x00000000d56b0e90) 
thrown [s\src\hotspot\share\runtime\sharedRuntime.cpp, line 625]
Event: 396.144 Thread 0x0000022474bb1df0 Exception <a 'sun/nio/fs/WindowsException'{0x00000000d55a1a60}> (0x00000000d55a1a60) 
thrown [s\src\hotspot\share\prims\jni.cpp, line 520]
Event: 396.254 Thread 0x0000022474bb1df0 Exception <a 'sun/nio/fs/WindowsException'{0x00000000d559cbc8}> (0x00000000d559cbc8) 
thrown [s\src\hotspot\share\prims\jni.cpp, line 520]
Event: 398.077 Thread 0x00000224767850b0 Exception <a 'java/lang/ArrayIndexOutOfBoundsException'{0x00000000d56c0da8}> (0x00000000d56c0da8) 
thrown [s\src\hotspot\share\runtime\sharedRuntime.cpp, line 625]
Event: 398.080 Thread 0x00000224767850b0 Exception <a 'java/lang/ArrayIndexOutOfBoundsException'{0x00000000d57635e8}> (0x00000000d57635e8) 
thrown [s\src\hotspot\share\runtime\sharedRuntime.cpp, line 625]

ZGC Phase Switch (0 events):
No events

VM Operations (20 events):
Event: 398.081 Executing safepoint VM operation: ParallelGCFailedAllocation (Allocation Failure)
Event: 398.083 Executing safepoint VM operation: ParallelGCFailedAllocation (Allocation Failure) done
Event: 398.087 Executing safepoint VM operation: ParallelGCFailedAllocation (Allocation Failure)
Event: 398.090 Executing safepoint VM operation: ParallelGCFailedAllocation (Allocation Failure) done
Event: 398.096 Executing safepoint VM operation: ParallelGCFailedAllocation (Allocation Failure)
Event: 398.098 Executing safepoint VM operation: ParallelGCFailedAllocation (Allocation Failure) done
Event: 398.123 Executing safepoint VM operation: ParallelGCFailedAllocation (Allocation Failure)
Event: 398.126 Executing safepoint VM operation: ParallelGCFailedAllocation (Allocation Failure) done
Event: 398.155 Executing safepoint VM operation: ParallelGCFailedAllocation (Allocation Failure)
Event: 398.156 Executing safepoint VM operation: ParallelGCFailedAllocation (Allocation Failure) done
Event: 398.345 Executing safepoint VM operation: ParallelGCFailedAllocation (Allocation Failure)
Event: 398.347 Executing safepoint VM operation: ParallelGCFailedAllocation (Allocation Failure) done
Event: 398.560 Executing safepoint VM operation: ParallelGCFailedAllocation (Allocation Failure)
Event: 398.561 Executing safepoint VM operation: ParallelGCFailedAllocation (Allocation Failure) done
Event: 398.637 Executing safepoint VM operation: ParallelGCFailedAllocation (Allocation Failure)
Event: 398.638 Executing safepoint VM operation: ParallelGCFailedAllocation (Allocation Failure) done
Event: 398.852 Executing safepoint VM operation: ParallelGCFailedAllocation (Allocation Failure)
Event: 398.854 Executing safepoint VM operation: ParallelGCFailedAllocation (Allocation Failure) done
Event: 398.938 Executing safepoint VM operation: ParallelGCFailedAllocation (Allocation Failure)
Event: 398.939 Executing safepoint VM operation: ParallelGCFailedAllocation (Allocation Failure) done

Memory protections (0 events):
No events

Nmethod flushes (20 events):
Event: 170.505 Thread 0x0000022417312cf0 flushing  nmethod 0x000002241b27b890
Event: 170.505 Thread 0x0000022417312cf0 flushing  nmethod 0x000002241b27c010
Event: 170.505 Thread 0x0000022417312cf0 flushing  nmethod 0x000002241b285490
Event: 170.505 Thread 0x0000022417312cf0 flushing  nmethod 0x000002241b2bc010
Event: 170.505 Thread 0x0000022417312cf0 flushing  nmethod 0x000002241b2d1990
Event: 170.505 Thread 0x0000022417312cf0 flushing  nmethod 0x000002241b2eb990
Event: 170.505 Thread 0x0000022417312cf0 flushing osr nmethod 0x000002241b2f0c10
Event: 170.505 Thread 0x0000022417312cf0 flushing  nmethod 0x000002241b2f1710
Event: 170.505 Thread 0x0000022417312cf0 flushing  nmethod 0x000002241b2f5d90
Event: 170.505 Thread 0x0000022417312cf0 flushing  nmethod 0x000002241b302610
Event: 170.505 Thread 0x0000022417312cf0 flushing  nmethod 0x000002241b30a090
Event: 170.505 Thread 0x0000022417312cf0 flushing  nmethod 0x000002241b30cb10
Event: 170.505 Thread 0x0000022417312cf0 flushing  nmethod 0x000002241b31cf10
Event: 170.505 Thread 0x0000022417312cf0 flushing  nmethod 0x000002241b34b310
Event: 170.505 Thread 0x0000022417312cf0 flushing  nmethod 0x000002241b34d990
Event: 170.505 Thread 0x0000022417312cf0 flushing  nmethod 0x000002241b35d210
Event: 170.505 Thread 0x0000022417312cf0 flushing  nmethod 0x000002241b38d310
Event: 170.505 Thread 0x0000022417312cf0 flushing  nmethod 0x000002241b39a310
Event: 170.505 Thread 0x0000022417312cf0 flushing  nmethod 0x000002241b3e6b90
Event: 170.505 Thread 0x0000022417312cf0 flushing  nmethod 0x000002241b3f6b90

Events (20 events):
Event: 242.687 Thread 0x00000224171b9090 Thread added: 0x0000022476fb22d0
Event: 243.326 Thread 0x0000022476fb22d0 Thread exited: 0x0000022476fb22d0
Event: 306.207 Thread 0x0000022474b94430 Thread exited: 0x0000022474b94430
Event: 306.457 Thread 0x0000022476786af0 Thread exited: 0x0000022476786af0
Event: 325.537 Thread 0x0000022474bb3830 Thread exited: 0x0000022474bb3830
Event: 325.551 Thread 0x0000022474bb2b10 Thread added: 0x0000022474b96500
Event: 325.552 Thread 0x0000022474b96500 Thread exited: 0x0000022474b96500
Event: 325.554 Thread 0x0000022474bb2b10 Thread added: 0x0000022474b985d0
Event: 325.555 Thread 0x0000022474b985d0 Thread added: 0x0000022474b99980
Event: 325.556 Thread 0x0000022474b985d0 Thread added: 0x0000022474b97220
Event: 325.560 Thread 0x0000022474b97220 Thread exited: 0x0000022474b97220
Event: 325.560 Thread 0x0000022474b99980 Thread exited: 0x0000022474b99980
Event: 325.561 Thread 0x0000022474b985d0 Thread exited: 0x0000022474b985d0
Event: 390.722 Thread 0x0000022476783670 Thread added: 0x0000022474b94430
Event: 395.083 Thread 0x00000224171b9090 Thread added: 0x0000022476fb1530
Event: 395.552 Thread 0x0000022476fb1530 Thread exited: 0x0000022476fb1530
Event: 396.236 Thread 0x0000022474bb2b10 Thread added: 0x0000022474b96b90
Event: 398.111 Thread 0x00000224767850b0 Thread added: 0x0000022474b97220
Event: 398.122 Thread 0x00000224171b9090 Thread added: 0x0000022476fb1530
Event: 398.280 Thread 0x0000022476fb1530 Thread exited: 0x0000022476fb1530


Dynamic libraries:
0x00007ff671e90000 - 0x00007ff671e9e000 	c:\Users\Arvind\.vscode\extensions\redhat.java-1.54.0-win32-x64\jre\21.0.10-win32-x86_64\bin\java.exe
0x00007ffb522b0000 - 0x00007ffb524a8000 	C:\WINDOWS\SYSTEM32\ntdll.dll
0x00007ffb51df0000 - 0x00007ffb51eb2000 	C:\WINDOWS\System32\KERNEL32.DLL
0x00007ffb4fd20000 - 0x00007ffb50017000 	C:\WINDOWS\System32\KERNELBASE.dll
0x00007ffb4fa80000 - 0x00007ffb4fb80000 	C:\WINDOWS\System32\ucrtbase.dll
0x00007ffb34140000 - 0x00007ffb34158000 	c:\Users\Arvind\.vscode\extensions\redhat.java-1.54.0-win32-x64\jre\21.0.10-win32-x86_64\bin\jli.dll
0x00007ffb51720000 - 0x00007ffb518bd000 	C:\WINDOWS\System32\USER32.dll
0x00007ffb4f920000 - 0x00007ffb4f942000 	C:\WINDOWS\System32\win32u.dll
0x00007ffb519a0000 - 0x00007ffb519cb000 	C:\WINDOWS\System32\GDI32.dll
0x00007ffb4fc00000 - 0x00007ffb4fd1a000 	C:\WINDOWS\System32\gdi32full.dll
0x00007ffb4f9e0000 - 0x00007ffb4fa7d000 	C:\WINDOWS\System32\msvcp_win.dll
0x00007ffb33ef0000 - 0x00007ffb33f0e000 	c:\Users\Arvind\.vscode\extensions\redhat.java-1.54.0-win32-x64\jre\21.0.10-win32-x86_64\bin\VCRUNTIME140.dll
0x00007ffb40eb0000 - 0x00007ffb4114b000 	C:\WINDOWS\WinSxS\amd64_microsoft.windows.common-controls_6595b64144ccf1df_6.0.19041.6926_none_60b5a53971f8f7e6\COMCTL32.dll
0x00007ffb51680000 - 0x00007ffb5171e000 	C:\WINDOWS\System32\msvcrt.dll
0x00007ffb51ab0000 - 0x00007ffb51adf000 	C:\WINDOWS\System32\IMM32.DLL
0x00007ffb45f10000 - 0x00007ffb45f1c000 	c:\Users\Arvind\.vscode\extensions\redhat.java-1.54.0-win32-x64\jre\21.0.10-win32-x86_64\bin\vcruntime140_1.dll
0x00007ffb294b0000 - 0x00007ffb2953d000 	c:\Users\Arvind\.vscode\extensions\redhat.java-1.54.0-win32-x64\jre\21.0.10-win32-x86_64\bin\msvcp140.dll
0x00007ffad0900000 - 0x00007ffad16a1000 	c:\Users\Arvind\.vscode\extensions\redhat.java-1.54.0-win32-x64\jre\21.0.10-win32-x86_64\bin\server\jvm.dll
0x00007ffb51520000 - 0x00007ffb515d1000 	C:\WINDOWS\System32\ADVAPI32.dll
0x00007ffb50c30000 - 0x00007ffb50ccf000 	C:\WINDOWS\System32\sechost.dll
0x00007ffb51f20000 - 0x00007ffb52046000 	C:\WINDOWS\System32\RPCRT4.dll
0x00007ffb500d0000 - 0x00007ffb500f7000 	C:\WINDOWS\System32\bcrypt.dll
0x00007ffb51450000 - 0x00007ffb514bb000 	C:\WINDOWS\System32\WS2_32.dll
0x00007ffb4f770000 - 0x00007ffb4f7bb000 	C:\WINDOWS\SYSTEM32\POWRPROF.dll
0x00007ffb41de0000 - 0x00007ffb41e07000 	C:\WINDOWS\SYSTEM32\WINMM.dll
0x00007ffb47480000 - 0x00007ffb4748a000 	C:\WINDOWS\SYSTEM32\VERSION.dll
0x00007ffb4f750000 - 0x00007ffb4f762000 	C:\WINDOWS\SYSTEM32\UMPDC.dll
0x00007ffb4d770000 - 0x00007ffb4d782000 	C:\WINDOWS\SYSTEM32\kernel.appcore.dll
0x00007ffb45e30000 - 0x00007ffb45e3a000 	c:\Users\Arvind\.vscode\extensions\redhat.java-1.54.0-win32-x64\jre\21.0.10-win32-x86_64\bin\jimage.dll
0x00007ffb417b0000 - 0x00007ffb419b1000 	C:\WINDOWS\SYSTEM32\DBGHELP.DLL
0x00007ffb32970000 - 0x00007ffb329a4000 	C:\WINDOWS\SYSTEM32\dbgcore.DLL
0x00007ffb4f950000 - 0x00007ffb4f9d2000 	C:\WINDOWS\System32\bcryptPrimitives.dll
0x00007ffb45d60000 - 0x00007ffb45d6f000 	c:\Users\Arvind\.vscode\extensions\redhat.java-1.54.0-win32-x64\jre\21.0.10-win32-x86_64\bin\instrument.dll
0x00007ffb33280000 - 0x00007ffb332a0000 	c:\Users\Arvind\.vscode\extensions\redhat.java-1.54.0-win32-x64\jre\21.0.10-win32-x86_64\bin\java.dll
0x00007ffb50cd0000 - 0x00007ffb51441000 	C:\WINDOWS\System32\SHELL32.dll
0x00007ffb4d970000 - 0x00007ffb4e116000 	C:\WINDOWS\SYSTEM32\windows.storage.dll
0x00007ffb508d0000 - 0x00007ffb50c23000 	C:\WINDOWS\System32\combase.dll
0x00007ffb4f190000 - 0x00007ffb4f1bb000 	C:\WINDOWS\SYSTEM32\Wldp.dll
0x00007ffb518c0000 - 0x00007ffb51996000 	C:\WINDOWS\System32\OLEAUT32.dll
0x00007ffb521c0000 - 0x00007ffb5226d000 	C:\WINDOWS\System32\SHCORE.dll
0x00007ffb52140000 - 0x00007ffb5219b000 	C:\WINDOWS\System32\shlwapi.dll
0x00007ffb4f840000 - 0x00007ffb4f864000 	C:\WINDOWS\SYSTEM32\profapi.dll
0x00007ffb33260000 - 0x00007ffb33278000 	c:\Users\Arvind\.vscode\extensions\redhat.java-1.54.0-win32-x64\jre\21.0.10-win32-x86_64\bin\zip.dll
0x00007ffb40a20000 - 0x00007ffb40a30000 	C:\Users\Arvind\.vscode\extensions\redhat.java-1.54.0-win32-x64\jre\21.0.10-win32-x86_64\bin\net.dll
0x00007ffb49870000 - 0x00007ffb4997a000 	C:\WINDOWS\SYSTEM32\WINHTTP.dll
0x00007ffb4ef40000 - 0x00007ffb4efaa000 	C:\WINDOWS\system32\mswsock.dll
0x00007ffb32ab0000 - 0x00007ffb32ac6000 	C:\Users\Arvind\.vscode\extensions\redhat.java-1.54.0-win32-x64\jre\21.0.10-win32-x86_64\bin\nio.dll
0x00007ffb3df80000 - 0x00007ffb3df90000 	c:\Users\Arvind\.vscode\extensions\redhat.java-1.54.0-win32-x64\jre\21.0.10-win32-x86_64\bin\verify.dll
0x00007ffb2ec30000 - 0x00007ffb2ec75000 	C:\Users\Arvind\AppData\Roaming\Code\User\globalStorage\redhat.java\1.54.0\config_win\org.eclipse.equinox.launcher\org.eclipse.equinox.launcher.win32.win32.x86_64_1.3.0.v20260203-2149\eclipse_11919.dll
0x00007ffb51ba0000 - 0x00007ffb51ccb000 	C:\WINDOWS\System32\ole32.dll
0x00007ffb3aa00000 - 0x00007ffb3aa0a000 	C:\Users\Arvind\.vscode\extensions\redhat.java-1.54.0-win32-x64\jre\21.0.10-win32-x86_64\bin\management.dll
0x00007ffb39300000 - 0x00007ffb3930c000 	C:\Users\Arvind\.vscode\extensions\redhat.java-1.54.0-win32-x64\jre\21.0.10-win32-x86_64\bin\management_ext.dll
0x00007ffb51670000 - 0x00007ffb51678000 	C:\WINDOWS\System32\PSAPI.DLL
0x00007ffb4f4e0000 - 0x00007ffb4f4f8000 	C:\WINDOWS\SYSTEM32\CRYPTSP.dll
0x00007ffb4e880000 - 0x00007ffb4e8b8000 	C:\WINDOWS\system32\rsaenh.dll
0x00007ffb4f7c0000 - 0x00007ffb4f7ee000 	C:\WINDOWS\SYSTEM32\USERENV.dll
0x00007ffb4f100000 - 0x00007ffb4f10c000 	C:\WINDOWS\SYSTEM32\CRYPTBASE.dll
0x00007ffb4ec40000 - 0x00007ffb4ec7b000 	C:\WINDOWS\SYSTEM32\IPHLPAPI.DLL
0x00007ffb515e0000 - 0x00007ffb515e8000 	C:\WINDOWS\System32\NSI.dll
0x00007ffb2a480000 - 0x00007ffb2a4c9000 	C:\Users\Arvind\AppData\Local\Temp\jna-1969795962\jna9955042415986511416.dll
0x00007ffb4a080000 - 0x00007ffb4a097000 	C:\WINDOWS\SYSTEM32\dhcpcsvc6.DLL
0x00007ffb4a060000 - 0x00007ffb4a07d000 	C:\WINDOWS\SYSTEM32\dhcpcsvc.DLL
0x00007ffb38d90000 - 0x00007ffb38d9e000 	C:\Users\Arvind\.vscode\extensions\redhat.java-1.54.0-win32-x64\jre\21.0.10-win32-x86_64\bin\sunmscapi.dll
0x00007ffb50100000 - 0x00007ffb5025d000 	C:\WINDOWS\System32\CRYPT32.dll
0x00007ffb4f200000 - 0x00007ffb4f227000 	C:\WINDOWS\SYSTEM32\ncrypt.dll
0x00007ffb4f1c0000 - 0x00007ffb4f1fb000 	C:\WINDOWS\SYSTEM32\NTASN1.dll
0x00007ffb4ec80000 - 0x00007ffb4ed4a000 	C:\WINDOWS\SYSTEM32\DNSAPI.dll
0x00007ffb48ac0000 - 0x00007ffb48aca000 	C:\Windows\System32\rasadhlp.dll
0x00007ffb49190000 - 0x00007ffb49210000 	C:\WINDOWS\System32\fwpuclnt.dll
0x00007ffb3a550000 - 0x00007ffb3a559000 	C:\Users\Arvind\.vscode\extensions\redhat.java-1.54.0-win32-x64\jre\21.0.10-win32-x86_64\bin\extnet.dll

JVMTI agents:
c:\Users\Arvind\.vscode\extensions\redhat.java-1.54.0-win32-x64\lombok\lombok-1.18.39-4050.jar path:c:\Users\Arvind\.vscode\extensions\redhat.java-1.54.0-win32-x64\jre\21.0.10-win32-x86_64\bin\instrument.dll, loaded, initialized, instrumentlib options:none

dbghelp: loaded successfully - version: 4.0.5 - missing functions: none
symbol engine: initialized successfully - sym options: 0x614 - pdb path: .;c:\Users\Arvind\.vscode\extensions\redhat.java-1.54.0-win32-x64\jre\21.0.10-win32-x86_64\bin;C:\WINDOWS\SYSTEM32;C:\WINDOWS\WinSxS\amd64_microsoft.windows.common-controls_6595b64144ccf1df_6.0.19041.6926_none_60b5a53971f8f7e6;c:\Users\Arvind\.vscode\extensions\redhat.java-1.54.0-win32-x64\jre\21.0.10-win32-x86_64\bin\server;C:\Users\Arvind\AppData\Roaming\Code\User\globalStorage\redhat.java\1.54.0\config_win\org.eclipse.equinox.launcher\org.eclipse.equinox.launcher.win32.win32.x86_64_1.3.0.v20260203-2149;C:\Users\Arvind\AppData\Local\Temp\jna-1969795962

VM Arguments:
jvm_args: --add-modules=ALL-SYSTEM --add-opens=java.base/java.util=ALL-UNNAMED --add-opens=java.base/java.lang=ALL-UNNAMED --add-opens=java.base/sun.nio.fs=ALL-UNNAMED -Declipse.application=org.eclipse.jdt.ls.core.id1 -Dosgi.bundles.defaultStartLevel=4 -Declipse.product=org.eclipse.jdt.ls.core.product -Djava.import.generatesMetadataFilesAtProjectRoot=false -DDetectVMInstallationsJob.disabled=true -Dfile.encoding=utf8 -XX:+UseParallelGC -XX:GCTimeRatio=4 -XX:AdaptiveSizePolicyWeight=90 -Dsun.zip.disableMemoryMapping=true -Xmx2G -Xms100m -Xlog:disable -javaagent:c:\Users\Arvind\.vscode\extensions\redhat.java-1.54.0-win32-x64\lombok\lombok-1.18.39-4050.jar -XX:+HeapDumpOnOutOfMemoryError -XX:HeapDumpPath=c:\Users\Arvind\AppData\Roaming\Code\User\workspaceStorage\c2a3ee600555109fb4996c771eefed96\redhat.java -Daether.dependencyCollector.impl=bf 
java_command: c:\Users\Arvind\.vscode\extensions\redhat.java-1.54.0-win32-x64\server\plugins\org.eclipse.equinox.launcher_1.7.100.v20251111-0406.jar -configuration c:\Users\Arvind\AppData\Roaming\Code\User\globalStorage\redhat.java\1.54.0\config_win -data c:\Users\Arvind\AppData\Roaming\Code\User\workspaceStorage\c2a3ee600555109fb4996c771eefed96\redhat.java\jdt_ws --pipe=\\.\pipe\lsp-8a7a99a1c55f8e23ab732480fc103460-sock
java_class_path (initial): c:\Users\Arvind\.vscode\extensions\redhat.java-1.54.0-win32-x64\server\plugins\org.eclipse.equinox.launcher_1.7.100.v20251111-0406.jar
Launcher Type: SUN_STANDARD

[Global flags]
    uintx AdaptiveSizePolicyWeight                 = 90                                        {product} {command line}
     intx CICompilerCount                          = 3                                         {product} {ergonomic}
    uintx GCTimeRatio                              = 4                                         {product} {command line}
     bool HeapDumpOnOutOfMemoryError               = true                                   {manageable} {command line}
    ccstr HeapDumpPath                             = c:\Users\Arvind\AppData\Roaming\Code\User\workspaceStorage\c2a3ee600555109fb4996c771eefed96\redhat.java         {manageable} {command line}
   size_t InitialHeapSize                          = 104857600                                 {product} {command line}
   size_t MaxHeapSize                              = 2147483648                                {product} {command line}
   size_t MaxNewSize                               = 715653120                                 {product} {ergonomic}
   size_t MinHeapDeltaBytes                        = 524288                                    {product} {ergonomic}
   size_t MinHeapSize                              = 104857600                                 {product} {command line}
   size_t NewSize                                  = 34603008                                  {product} {ergonomic}
    uintx NonNMethodCodeHeapSize                   = 5832780                                {pd product} {ergonomic}
    uintx NonProfiledCodeHeapSize                  = 122912730                              {pd product} {ergonomic}
   size_t OldSize                                  = 70254592                                  {product} {ergonomic}
    uintx ProfiledCodeHeapSize                     = 122912730                              {pd product} {ergonomic}
    uintx ReservedCodeCacheSize                    = 251658240                              {pd product} {ergonomic}
     bool SegmentedCodeCache                       = true                                      {product} {ergonomic}
   size_t SoftMaxHeapSize                          = 2147483648                             {manageable} {ergonomic}
     bool UseCompressedOops                        = true                           {product lp64_product} {ergonomic}
     bool UseLargePagesIndividualAllocation        = false                                  {pd product} {ergonomic}
     bool UseParallelGC                            = true                                      {product} {command line}

Logging:
Log output configuration:
 #0: stdout all=off uptime,level,tags foldmultilines=false
 #1: stderr all=off uptime,level,tags foldmultilines=false

Release file:
JAVA_VERSION="21.0.10" 
MODULES="java.base java.compiler java.datatransfer java.xml java.prefs java.desktop java.instrument java.logging java.management java.security.sasl java.naming java.rmi java.management.rmi java.net.http java.scripting java.security.jgss java.transaction.xa java.sql java.sql.rowset java.xml.crypto java.se java.smartcardio jdk.accessibility jdk.internal.jvmstat jdk.attach jdk.charsets jdk.internal.opt jdk.zipfs jdk.compiler jdk.crypto.ec jdk.crypto.cryptoki jdk.crypto.mscapi jdk.dynalink jdk.internal.ed jdk.editpad jdk.hotspot.agent jdk.httpserver jdk.internal.le jdk.internal.vm.ci jdk.internal.vm.compiler jdk.internal.vm.compiler.management jdk.jartool jdk.javadoc jdk.jcmd jdk.management jdk.management.agent jdk.jconsole jdk.jdeps jdk.jdwp.agent jdk.jdi jdk.jfr jdk.jshell jdk.jsobject jdk.jstatd jdk.localedata jdk.management.jfr jdk.naming.dns jdk.naming.rmi jdk.net jdk.nio.mapmode jdk.random jdk.sctp jdk.security.auth jdk.security.jgss jdk.unsupported jdk.unsupported.desktop jdk.xml.dom" 

Environment Variables:
PATH=C:\Program Files\Common Files\Oracle\Java\javapath;C:\Users\Arvind\AppData\Local\Programs\Python\Python314\Scripts\;C:\Users\Arvind\AppData\Local\Programs\Python\Python314;C:\Program Files (x86)\Common Files\Intel\Shared Libraries\redist\intel64\compiler;C:\WINDOWS\system32;C:\WINDOWS;C:\WINDOWS\System32\Wbem;C:\WINDOWS\System32\WindowsPowerShell\v1.0\;C:\WINDOWS\System32\OpenSSH\;C:\Program Files\Microsoft VS Code\bin;C:\wamp64\bin\php\php7.0.10;C:\wamp64\bin\php\php7.4.0;C:\Program Files\Git\cmd;C:\MinGW\bin;C:\Program Files\dotnet\;C:\Program Files\Java\jdk-25\bin;C:\Program Files\Docker\Docker\resources\bin;C:\Program Files\nodejs\;C:\ProgramData\chocolatey\bin;C:\Users\Arvind\AppData\Local\Programs\Python\Python314\Scripts\;C:\Users\Arvind\AppData\Local\Programs\Python\Python314\;C:\Users\Arvind\.local\bin;C:\Users\Arvind\AppData\Local\Microsoft\WindowsApps;C:\Program Files\Microsoft VS Code\bin;C:\Program Files\JetBrains\PyCharm Community Edition 2019.1.1\bin;;C:\Program Files (x86)\GitHub CLI\;C:\src\flutter\bin;C:\Users\Arvind\AppData\Local\Programs\cursor\resources\app\bin;C:\Users\Arvind\AppData\Roaming\npm;
USERNAME=Arvind
OS=Windows_NT
PROCESSOR_IDENTIFIER=Intel64 Family 6 Model 60 Stepping 3, GenuineIntel
TMP=C:\Users\Arvind\AppData\Local\Temp
TEMP=C:\Users\Arvind\AppData\Local\Temp




Periodic native trim disabled

---------------  S Y S T E M  ---------------

OS:
 Windows 10 , 64 bit Build 19041 (10.0.19041.7181)
OS uptime: 0 days 1:22 hours
Hyper-V role detected

CPU: total 4 (initial active 4) (4 cores per cpu, 1 threads per core) family 6 model 60 stepping 3 microcode 0x27, cx8, cmov, fxsr, mmx, sse, sse2, sse3, ssse3, sse4.1, sse4.2, popcnt, lzcnt, tsc, tscinvbit, avx, avx2, aes, erms, clmul, bmi1, bmi2, fma, vzeroupper, clflush, hv, rdtscp, f16c
Processor Information for the first 4 processors :
  Max Mhz: 3101, Current Mhz: 3101, Mhz Limit: 3101

Memory: 4k page, system-wide physical 12188M (4158M free)
TotalPageFile size 14172M (AvailPageFile size 4905M)
current process WorkingSet (physical memory assigned to process): 1014M, peak: 1016M
current process commit charge ("private bytes"): 928M, peak: 935M

vm_info: OpenJDK 64-Bit Server VM (21.0.10+7-LTS) for windows-amd64 JRE (21.0.10+7-LTS), built on 2026-01-20T00:00:00Z by "admin" with MS VC++ 17.12 (VS2022)

END.
