#
# A fatal error has been detected by the Java Runtime Environment:
#
#  EXCEPTION_ACCESS_VIOLATION (0xc0000005) at pc=0x00007ffad3ec4233, pid=8460, tid=14288
#
# JRE version: OpenJDK Runtime Environment Temurin-21.0.10+7 (21.0.10+7) (build 21.0.10+7-LTS)
# Java VM: OpenJDK 64-Bit Server VM Temurin-21.0.10+7 (21.0.10+7-LTS, mixed mode, sharing, tiered, compressed oops, compressed class ptrs, parallel gc, windows-amd64)
# Problematic frame:
# V  [jvm.dll+0x254233]
#
# No core dump will be written. Minidumps are not enabled by default on client versions of Windows
#
# If you would like to submit a bug report, please visit:
#   https://github.com/adoptium/adoptium-support/issues
#

---------------  S U M M A R Y ------------

Command Line: --add-modules=ALL-SYSTEM --add-opens=java.base/java.util=ALL-UNNAMED --add-opens=java.base/java.lang=ALL-UNNAMED --add-opens=java.base/sun.nio.fs=ALL-UNNAMED -Declipse.application=org.eclipse.jdt.ls.core.id1 -Dosgi.bundles.defaultStartLevel=4 -Declipse.product=org.eclipse.jdt.ls.core.product -Djava.import.generatesMetadataFilesAtProjectRoot=false -DDetectVMInstallationsJob.disabled=true -Dfile.encoding=utf8 -XX:+UseParallelGC -XX:GCTimeRatio=4 -XX:AdaptiveSizePolicyWeight=90 -Dsun.zip.disableMemoryMapping=true -Xmx2G -Xms100m -Xlog:disable -javaagent:c:\Users\Arvind\.vscode\extensions\redhat.java-1.54.0-win32-x64\lombok\lombok-1.18.39-4050.jar -XX:+HeapDumpOnOutOfMemoryError -XX:HeapDumpPath=c:\Users\Arvind\AppData\Roaming\Code\User\workspaceStorage\272cffe9e2eddea357491d609d53a57b\redhat.java -Daether.dependencyCollector.impl=bf c:\Users\Arvind\.vscode\extensions\redhat.java-1.54.0-win32-x64\server\plugins\org.eclipse.equinox.launcher_1.7.100.v20251111-0406.jar -configuration c:\Users\Arvind\AppData\Roaming\Code\User\globalStorage\redhat.java\1.54.0\config_win -data c:\Users\Arvind\AppData\Roaming\Code\User\workspaceStorage\272cffe9e2eddea357491d609d53a57b\redhat.java\jdt_ws --pipe=\\.\pipe\lsp-0fbbc6cd7b3cc4b02f5058c30e03d082-sock

Host: Intel(R) Core(TM) i5-4440 CPU @ 3.10GHz, 4 cores, 11G,  Windows 10 , 64 bit Build 19041 (10.0.19041.7181)
Time: Thu Apr 16 22:10:51 2026 India Standard Time elapsed time: 1624.616745 seconds (0d 0h 27m 4s)

---------------  T H R E A D  ---------------

Current thread (0x000001ec97a888e0):  JavaThread "C2 CompilerThread0" daemon [_thread_in_native, id=14288, stack(0x0000000e38700000,0x0000000e38800000) (1024K)]


Current CompileTask:
C2:1624616 20166   !   4       org.eclipse.jdt.internal.compiler.lookup.BinaryTypeBinding::cachePartsFrom2 (1809 bytes)

Stack: [0x0000000e38700000,0x0000000e38800000],  sp=0x0000000e387fdda0,  free space=1015k
Native frames: (J=compiled Java code, j=interpreted, Vv=VM code, C=native code)
V  [jvm.dll+0x254233]
V  [jvm.dll+0x6fd2c7]
V  [jvm.dll+0x24b87a]
V  [jvm.dll+0x1cb34e]
V  [jvm.dll+0x25b85d]
V  [jvm.dll+0x259dea]
V  [jvm.dll+0x3f857e]
V  [jvm.dll+0x85f59d]
V  [jvm.dll+0x6d626d]
C  [ucrtbase.dll+0x21bb2]
C  [KERNEL32.DLL+0x17374]
C  [ntdll.dll+0x4cc91]


siginfo: EXCEPTION_ACCESS_VIOLATION (0xc0000005), reading address 0x0000000000ff0000


Registers:
RAX=0x000001ecd99338c0, RBX=0x0000000e387fe940, RCX=0x0000000000007c60, RDX=0x000001ecde962d68
RSP=0x0000000e387fdda0, RBP=0x000001ece1360230, RSI=0x000000000000004a, RDI=0x0000000000ff0000
R8 =0x0000000000004000, R9 =0x00000000000000e0, R10=0x00007ffb4c9c0000, R11=0x00007ffb4c9d1a41
R12=0x000000000000000c, R13=0x000001ecd9933888, R14=0x00000000000001a0, R15=0x000000000000000e
RIP=0x00007ffad3ec4233, EFLAGS=0x0000000000010246

XMM[0]=0x0000000000000000 0x0000000000000000
XMM[1]=0x0000000000000000 0x0000000000000000
XMM[2]=0x0000000000000000 0x0000000000000000
XMM[3]=0x0000000000000000 0x0000000000000000
XMM[4]=0x0000000000000000 0x0000000000000000
XMM[5]=0x0000000000000000 0x0000000000000000
XMM[6]=0x0000000000000000 0x0000000000000000
XMM[7]=0x0000000000000000 0x0000000000000000
XMM[8]=0x0000000000000000 0x0000000000000000
XMM[9]=0x0000000000000000 0x0000000000000000
XMM[10]=0x0000000000000000 0x0000000000000000
XMM[11]=0x0000000000000000 0x0000000000000000
XMM[12]=0x0000000000000000 0x0000000000000000
XMM[13]=0x0000000000000000 0x0000000000000000
XMM[14]=0x0000000000000000 0x0000000000000000
XMM[15]=0x0000000000000000 0x0000000000000000
  MXCSR=0x00001fb2


Register to memory mapping:

RAX=0x000001ecd99338c0 points into unknown readable memory: 0x0000000000000000 | 00 00 00 00 00 00 00 00
RBX=0x0000000e387fe940 is pointing into the stack for thread: 0x000001ec97a888e0
RCX=31840 is a compressed pointer to class: 0x000001ec98007c60
java.lang.invoke.TypeDescriptor$OfField {0x000001ec98007c68}
 - instance size:     2
 - klass size:        64
 - access:            public interface abstract 
 - flags:             rewritten is_shared_boot_class has_miranda_methods 
 - state:             linked
 - name:              'java/lang/invoke/TypeDescriptor$OfField'
 - super:             'java/lang/Object'
 - sub:               
 - nof implementors:  1
 - implementor:    
   'java/lang/Class'
 - arrays:            'java/lang/invoke/TypeDescriptor$OfField'[]
 - methods:           Array<T>(0x000001ec98b25018)
 - method ordering:   Array<T>(0x000001ec98b24ff0)
 - local interfaces:  Array<T>(0x000001ec98b25008)
 - trans. interfaces: Array<T>(0x000001ec98b25008)
 - secondary supers: Array<T>(0x000001ec98b25008)
 - hash_slot:         42
 - bitmap:            0x0000000200000000
 - constants:         constant pool [21] {0x000001ec98b25080} for 'java/lang/invoke/TypeDescriptor$OfField' cache=0x000001ec98465d38
 - class loader data:  loader data: 0x000001ecffca57b0 of 'bootstrap'
 - generic signature: '<F::Ljava/lang/invoke/TypeDescriptor$OfField<TF;>;>Ljava/lang/Object;Ljava/lang/invoke/TypeDescriptor;'
 - inner classes:     Array<T>(0x000001ec98b25220)
 - nest members:     Array<T>(0x000001ec98611238)
 - permitted subclasses:     Array<T>(0x000001ec98611238)
 - java mirror:       a 'java/lang/Class'{0x00000000804ff8e8} = 'java/lang/invoke/TypeDescriptor$OfField'
 - vtable length      5  (start addr: 0x000001ec98007e30)
 - itable length      0 (start addr: 0x000001ec98007e58)
 - ---- static fields (0 words):
 - ---- non-static fields (0 words):
 - non-static oop maps: 
RDX=0x000001ecde962d68 points into unknown readable memory: 0x00004da400007c60 | 60 7c 00 00 a4 4d 00 00
RSP=0x0000000e387fdda0 is pointing into the stack for thread: 0x000001ec97a888e0
RBP=0x000001ece1360230 points into unknown readable memory: 0x0000000e387febb0 | b0 eb 7f 38 0e 00 00 00
RSI=0x000000000000004a is an unknown value
RDI=0x0000000000ff0000 is an unknown value
R8 =0x0000000000004000 is an unknown value
R9 =0x00000000000000e0 is an unknown value
R10=0x00007ffb4c9c0000 VCRUNTIME140.dll
R11=0x00007ffb4c9d1a41 VCRUNTIME140.dll
R12=0x000000000000000c is an unknown value
R13=0x000001ecd9933888 points into unknown readable memory: 0x00007ffad46f34c0 | c0 34 6f d4 fa 7f 00 00
R14=0x00000000000001a0 is an unknown value
R15=0x000000000000000e is an unknown value

Top of Stack: (sp=0x0000000e387fdda0)
0x0000000e387fdda0:   0000000e387fe940 000001ece1360230
0x0000000e387fddb0:   0000000e387fea80 0000000000002f42
0x0000000e387fddc0:   000001ecec388890 0000000e387fe930
0x0000000e387fddd0:   0000000e387fdfd0 0000000e387fea80
0x0000000e387fdde0:   0000000000000000 00007ffad436d2c7
0x0000000e387fddf0:   0000000000000706 000001ece1360230
0x0000000e387fde00:   000001ece13602a0 000001ec979d9700
0x0000000e387fde10:   0000000000000002 00007ffad3ebb87a
0x0000000e387fde20:   0000000000000000 0000000e387fdf20
0x0000000e387fde30:   0000000e387fea80 0000000000000001
0x0000000e387fde40:   0000000000000000 0000000000000000
0x0000000e387fde50:   0000000e387fea80 0000000000000000
0x0000000e387fde60:   000001ec97aac190 0000000000000000
0x0000000e387fde70:   0000000000000000 0000000000000000
0x0000000e387fde80:   0000000000000000 0000000000000000
0x0000000e387fde90:   000001ec00000012 00007ffad466d61c
0x0000000e387fdea0:   0000000000000000 0000000000000000
0x0000000e387fdeb0:   0000000000000000 00007ffad466d61c
0x0000000e387fdec0:   000001ec8bb85b00 000001ec8bb86b18
0x0000000e387fded0:   000001ec97a6de00 000001ecebd5f010
0x0000000e387fdee0:   000001ecebd66580 000001ecebd66ff8
0x0000000e387fdef0:   00000000000382c0 00007ffad42e0000
0x0000000e387fdf00:   0000000000000000 000001ec8bb85080
0x0000000e387fdf10:   0000000000000000 000001ec8bb850dc
0x0000000e387fdf20:   0000000000000000 0000000000000000
0x0000000e387fdf30:   000001ec97ad0000 0000000000000000
0x0000000e387fdf40:   000001ec8bb850a6 00007ffad4065800
0x0000000e387fdf50:   000001ec97ab7101 00007ffad468c398
0x0000000e387fdf60:   0000000000000000 0000000000000000
0x0000000e387fdf70:   00007ffad46afb00 000001ec00000001
0x0000000e387fdf80:   0000000e387fea80 0000000e387ff6b0
0x0000000e387fdf90:   0000000e387fdfd0 000001ecdfd327b8 

Instructions: (pc=0x00007ffad3ec4233)
0x00007ffad3ec4133:   ff 41 8b c6 48 f7 d8 4d 8d 3c c7 4c 3b fe 0f 83
0x00007ffad3ec4143:   19 fe ff ff 4c 8b 74 24 30 4c 8b 64 24 38 48 8b
0x00007ffad3ec4153:   7c 24 40 48 8b ac 24 80 00 00 00 48 83 c4 48 41
0x00007ffad3ec4163:   5f 41 5d 5e 5b c3 cc cc cc cc cc cc cc 40 53 56
0x00007ffad3ec4173:   57 48 83 ec 30 8b b9 50 02 00 00 48 8b da 2b b9
0x00007ffad3ec4183:   78 02 00 00 48 8b f1 3b 7a 08 72 0a 8b d7 48 8b
0x00007ffad3ec4193:   cb e8 17 e9 45 00 48 8b 43 10 48 c7 04 f8 00 00
0x00007ffad3ec41a3:   00 00 48 8b 96 e0 02 00 00 48 85 d2 74 08 48 8b
0x00007ffad3ec41b3:   cb e8 67 f5 e7 ff 48 8b 96 e8 02 00 00 48 85 d2
0x00007ffad3ec41c3:   74 08 48 8b cb e8 53 f5 e7 ff 33 c0 89 44 24 50
0x00007ffad3ec41d3:   39 43 18 0f 86 f8 00 00 00 48 89 6c 24 58 4c 89
0x00007ffad3ec41e3:   64 24 60 4c 89 6c 24 68 4c 89 74 24 28 4c 89 7c
0x00007ffad3ec41f3:   24 20 66 66 66 0f 1f 84 00 00 00 00 00 8b c8 48
0x00007ffad3ec4203:   8b 43 10 4c 8b 2c c8 41 8b 45 1c 85 c0 0f 84 92
0x00007ffad3ec4213:   00 00 00 45 33 f6 44 8b e0 0f 1f 40 00 49 8b 45
0x00007ffad3ec4223:   08 49 8b 3c 06 48 85 ff 74 6d 40 f6 c7 01 75 67
0x00007ffad3ec4233:   48 83 3f fe 74 61 44 8b 7f 28 41 8b f7 c1 ee 05
0x00007ffad3ec4243:   3b 73 20 72 0b 8b d6 48 8d 4b 20 e8 dd a2 64 00
0x00007ffad3ec4253:   48 8b 43 28 41 83 e7 1f 48 8d 14 b0 41 0f b6 cf
0x00007ffad3ec4263:   41 b8 01 00 00 00 41 d3 e0 8b 0a 8b c1 41 0b c0
0x00007ffad3ec4273:   89 02 41 85 c8 75 20 8b 73 18 8d 46 01 89 43 18
0x00007ffad3ec4283:   3b 73 08 72 0a 8b d6 48 8b cb e8 1e e8 45 00 48
0x00007ffad3ec4293:   8b 43 10 48 89 3c f0 49 83 c6 08 49 83 ec 01 0f
0x00007ffad3ec42a3:   85 78 ff ff ff 8b 44 24 50 ff c0 89 44 24 50 3b
0x00007ffad3ec42b3:   43 18 0f 82 45 ff ff ff 4c 8b 7c 24 20 4c 8b 74
0x00007ffad3ec42c3:   24 28 4c 8b 6c 24 68 4c 8b 64 24 60 48 8b 6c 24
0x00007ffad3ec42d3:   58 48 83 c4 30 5f 5e 5b c3 cc cc cc cc 40 53 48
0x00007ffad3ec42e3:   83 ec 20 48 8b 81 f0 02 00 00 48 8b d9 48 85 c0
0x00007ffad3ec42f3:   75 27 e8 f6 39 00 00 48 8b d0 48 8b 48 10 48 8b
0x00007ffad3ec4303:   01 48 3b c2 74 06 83 78 38 02 74 06 48 83 c1 08
0x00007ffad3ec4313:   eb ec 48 89 83 f0 02 00 00 48 83 c4 20 5b c3 cc
0x00007ffad3ec4323:   cc cc cc cc cc cc cc cc cc cc cc cc cc 48 8b c4 


Stack slot to memory mapping:

stack at sp + 0 slots: 0x0000000e387fe940 is pointing into the stack for thread: 0x000001ec97a888e0
stack at sp + 1 slots: 0x000001ece1360230 points into unknown readable memory: 0x0000000e387febb0 | b0 eb 7f 38 0e 00 00 00
stack at sp + 2 slots: 0x0000000e387fea80 is pointing into the stack for thread: 0x000001ec97a888e0
stack at sp + 3 slots: 0x0000000000002f42 is an unknown value
stack at sp + 4 slots: 0x000001ecec388890 points into unknown readable memory: 0x00007ffad4678888 | 88 88 67 d4 fa 7f 00 00
stack at sp + 5 slots: 0x0000000e387fe930 is pointing into the stack for thread: 0x000001ec97a888e0
stack at sp + 6 slots: 0x0000000e387fdfd0 is pointing into the stack for thread: 0x000001ec97a888e0
stack at sp + 7 slots: 0x0000000e387fea80 is pointing into the stack for thread: 0x000001ec97a888e0


---------------  P R O C E S S  ---------------

Threads class SMR info:
_java_thread_list=0x000001ece1358950, length=40, elements={
0x000001ecffc81540, 0x000001ec97a7efa0, 0x000001ec97a808b0, 0x000001ec97a82440,
0x000001ec97a83360, 0x000001ec97a87040, 0x000001ec97a87aa0, 0x000001ec97a888e0,
0x000001ec97ae9120, 0x000001ecd9a6f8e0, 0x000001ecd9c02820, 0x000001ecde48da30,
0x000001ecde509eb0, 0x000001ecde567c60, 0x000001ecde5fea50, 0x000001ecdea6e8a0,
0x000001ecdf28b7e0, 0x000001ecde255e20, 0x000001ecdeb30620, 0x000001ecdeb31340,
0x000001ecdeb326f0, 0x000001ecdeb32d80, 0x000001ecdeb2f900, 0x000001ece00cb670,
0x000001ece00cd740, 0x000001ece00cd0b0, 0x000001ece00cca20, 0x000001ece00cafe0,
0x000001ece00d0bc0, 0x000001ece00ca950, 0x000001ece00d1250, 0x000001ece00cf810,
0x000001ece00d0530, 0x000001ece00cbd00, 0x000001ece00cddd0, 0x000001ece00d18e0,
0x000001ecdeb30cb0, 0x000001ecd99beaf0, 0x000001ecd99b7b60, 0x000001ecd99bd0b0
}

Java Threads: ( => current thread )
  0x000001ecffc81540 JavaThread "main"                              [_thread_blocked, id=5676, stack(0x0000000e37d00000,0x0000000e37e00000) (1024K)]
  0x000001ec97a7efa0 JavaThread "Reference Handler"          daemon [_thread_blocked, id=13320, stack(0x0000000e38100000,0x0000000e38200000) (1024K)]
  0x000001ec97a808b0 JavaThread "Finalizer"                  daemon [_thread_blocked, id=13496, stack(0x0000000e38200000,0x0000000e38300000) (1024K)]
  0x000001ec97a82440 JavaThread "Signal Dispatcher"          daemon [_thread_blocked, id=10900, stack(0x0000000e38300000,0x0000000e38400000) (1024K)]
  0x000001ec97a83360 JavaThread "Attach Listener"            daemon [_thread_blocked, id=13356, stack(0x0000000e38400000,0x0000000e38500000) (1024K)]
  0x000001ec97a87040 JavaThread "Service Thread"             daemon [_thread_blocked, id=3384, stack(0x0000000e38500000,0x0000000e38600000) (1024K)]
  0x000001ec97a87aa0 JavaThread "Monitor Deflation Thread"   daemon [_thread_blocked, id=5296, stack(0x0000000e38600000,0x0000000e38700000) (1024K)]
=>0x000001ec97a888e0 JavaThread "C2 CompilerThread0"         daemon [_thread_in_native, id=14288, stack(0x0000000e38700000,0x0000000e38800000) (1024K)]
  0x000001ec97ae9120 JavaThread "C1 CompilerThread0"         daemon [_thread_blocked, id=14176, stack(0x0000000e38800000,0x0000000e38900000) (1024K)]
  0x000001ecd9a6f8e0 JavaThread "Common-Cleaner"             daemon [_thread_blocked, id=8976, stack(0x0000000e38900000,0x0000000e38a00000) (1024K)]
  0x000001ecd9c02820 JavaThread "Notification Thread"        daemon [_thread_blocked, id=2064, stack(0x0000000e38b00000,0x0000000e38c00000) (1024K)]
  0x000001ecde48da30 JavaThread "Active Thread: Equinox Container: f42ca70c-d137-4f27-86b0-2e21aafc00a8"        [_thread_blocked, id=13136, stack(0x0000000e38f00000,0x0000000e39000000) (1024K)]
  0x000001ecde509eb0 JavaThread "Refresh Thread: Equinox Container: f42ca70c-d137-4f27-86b0-2e21aafc00a8" daemon [_thread_blocked, id=13556, stack(0x0000000e39000000,0x0000000e39100000) (1024K)]
  0x000001ecde567c60 JavaThread "Framework Event Dispatcher: Equinox Container: f42ca70c-d137-4f27-86b0-2e21aafc00a8" daemon [_thread_blocked, id=13436, stack(0x0000000e39100000,0x0000000e39200000) (1024K)]
  0x000001ecde5fea50 JavaThread "Start Level: Equinox Container: f42ca70c-d137-4f27-86b0-2e21aafc00a8" daemon [_thread_blocked, id=14016, stack(0x0000000e39200000,0x0000000e39300000) (1024K)]
  0x000001ecdea6e8a0 JavaThread "Bundle File Closer"         daemon [_thread_blocked, id=13404, stack(0x0000000e39300000,0x0000000e39400000) (1024K)]
  0x000001ecdf28b7e0 JavaThread "SCR Component Actor"        daemon [_thread_blocked, id=3660, stack(0x0000000e38a00000,0x0000000e38b00000) (1024K)]
  0x000001ecde255e20 JavaThread "Worker-JM"                         [_thread_blocked, id=3904, stack(0x0000000e39400000,0x0000000e39500000) (1024K)]
  0x000001ecdeb30620 JavaThread "Java indexing"              daemon [_thread_blocked, id=11156, stack(0x0000000e39800000,0x0000000e39900000) (1024K)]
  0x000001ecdeb31340 JavaThread "JNA Cleaner"                daemon [_thread_blocked, id=9416, stack(0x0000000e39900000,0x0000000e39a00000) (1024K)]
  0x000001ecdeb326f0 JavaThread "Thread-1"                   daemon [_thread_in_native, id=3684, stack(0x0000000e39f00000,0x0000000e3a000000) (1024K)]
  0x000001ecdeb32d80 JavaThread "Thread-2"                   daemon [_thread_in_native, id=13884, stack(0x0000000e3a000000,0x0000000e3a100000) (1024K)]
  0x000001ecdeb2f900 JavaThread "Thread-3"                   daemon [_thread_in_native, id=13992, stack(0x0000000e3a100000,0x0000000e3a200000) (1024K)]
  0x000001ece00cb670 JavaThread "Thread-4"                   daemon [_thread_in_native, id=13468, stack(0x0000000e3a200000,0x0000000e3a300000) (1024K)]
  0x000001ece00cd740 JavaThread "Thread-5"                   daemon [_thread_in_native, id=8636, stack(0x0000000e3a300000,0x0000000e3a400000) (1024K)]
  0x000001ece00cd0b0 JavaThread "pool-2-thread-1"                   [_thread_blocked, id=12676, stack(0x0000000e3a400000,0x0000000e3a500000) (1024K)]
  0x000001ece00cca20 JavaThread "Worker-4"                          [_thread_blocked, id=11784, stack(0x0000000e3a500000,0x0000000e3a600000) (1024K)]
  0x000001ece00cafe0 JavaThread "WorkspaceEventsHandler"            [_thread_blocked, id=13396, stack(0x0000000e3a600000,0x0000000e3a700000) (1024K)]
  0x000001ece00d0bc0 JavaThread "pool-1-thread-1"                   [_thread_blocked, id=908, stack(0x0000000e3a700000,0x0000000e3a800000) (1024K)]
  0x000001ece00ca950 JavaThread "Cleaner-0"                  daemon [_thread_blocked, id=3508, stack(0x0000000e3aa00000,0x0000000e3ab00000) (1024K)]
  0x000001ece00d1250 JavaThread "Worker-6"                          [_thread_blocked, id=5460, stack(0x0000000e37b00000,0x0000000e37c00000) (1024K)]
  0x000001ece00cf810 JavaThread "ForkJoinPool.commonPool-worker-4" daemon [_thread_blocked, id=12988, stack(0x0000000e37c00000,0x0000000e37d00000) (1024K)]
  0x000001ece00d0530 JavaThread "Compiler Source File Reader" daemon [_thread_blocked, id=13624, stack(0x0000000e39600000,0x0000000e39700000) (1024K)]
  0x000001ece00cbd00 JavaThread "Compiler Processing Task"   daemon [_thread_blocked, id=2308, stack(0x0000000e39700000,0x0000000e39800000) (1024K)]
  0x000001ece00cddd0 JavaThread "ForkJoinPool.commonPool-worker-5" daemon [_thread_blocked, id=10460, stack(0x0000000e39500000,0x0000000e39600000) (1024K)]
  0x000001ece00d18e0 JavaThread "Worker-7"                          [_thread_blocked, id=12504, stack(0x0000000e39a00000,0x0000000e39b00000) (1024K)]
  0x000001ecdeb30cb0 JavaThread "Compiler Source File Reader" daemon [_thread_blocked, id=13304, stack(0x0000000e39d00000,0x0000000e39e00000) (1024K)]
  0x000001ecd99beaf0 JavaThread "ForkJoinPool.commonPool-worker-6" daemon [_thread_blocked, id=1824, stack(0x0000000e39c00000,0x0000000e39d00000) (1024K)]
  0x000001ecd99b7b60 JavaThread "pool-1-thread-2"                   [_thread_blocked, id=6952, stack(0x0000000e3a800000,0x0000000e3a900000) (1024K)]
  0x000001ecd99bd0b0 JavaThread "Worker-8"                          [_thread_blocked, id=1520, stack(0x0000000e39e00000,0x0000000e39f00000) (1024K)]
Total: 40

Other Threads:
  0x000001ec97a62360 VMThread "VM Thread"                           [id=12464, stack(0x0000000e38000000,0x0000000e38100000) (1024K)]
  0x000001ec979d1bc0 WatcherThread "VM Periodic Task Thread"        [id=1700, stack(0x0000000e37f00000,0x0000000e38000000) (1024K)]
  0x000001ecffc9fd60 WorkerThread "GC Thread#0"                     [id=9904, stack(0x0000000e37e00000,0x0000000e37f00000) (1024K)]
  0x000001ecde0ff0e0 WorkerThread "GC Thread#1"                     [id=3120, stack(0x0000000e38c00000,0x0000000e38d00000) (1024K)]
  0x000001ecde496330 WorkerThread "GC Thread#2"                     [id=13540, stack(0x0000000e38d00000,0x0000000e38e00000) (1024K)]
  0x000001ecde16e060 WorkerThread "GC Thread#3"                     [id=3928, stack(0x0000000e38e00000,0x0000000e38f00000) (1024K)]
Total: 6

Threads with active compile tasks:
C2 CompilerThread0  1624682 20166   !   4       org.eclipse.jdt.internal.compiler.lookup.BinaryTypeBinding::cachePartsFrom2 (1809 bytes)
Total: 1

VM state: not at safepoint (normal execution)

VM Mutex/Monitor currently owned by a thread: None

Heap address: 0x0000000080000000, size: 2048 MB, Compressed Oops mode: 32-bit

CDS archive(s) mapped at: [0x000001ec98000000-0x000001ec98ba0000-0x000001ec98ba0000), size 12189696, SharedBaseAddress: 0x000001ec98000000, ArchiveRelocationMode: 1.
Compressed class space mapped at: 0x000001ec99000000-0x000001ecd9000000, reserved size: 1073741824
Narrow klass base: 0x000001ec98000000, Narrow klass shift: 0, Narrow klass range: 0x100000000

GC Precious Log:
 CardTable entry size: 512
 CPUs: 4 total, 4 available
 Memory: 12188M
 Large Page Support: Disabled
 NUMA Support: Disabled
 Compressed Oops: Enabled (32-bit)
 Alignments: Space 512K, Generation 512K, Heap 2M
 Heap Min Capacity: 100M
 Heap Initial Capacity: 100M
 Heap Max Capacity: 2G
 Pre-touch: Disabled
 Parallel Workers: 4

Heap:
 PSYoungGen      total 3072K, used 2811K [0x00000000d5580000, 0x00000000d5b00000, 0x0000000100000000)
  eden space 2560K, 89% used [0x00000000d5580000,0x00000000d57befc8,0x00000000d5800000)
  from space 512K, 100% used [0x00000000d5a00000,0x00000000d5a80000,0x00000000d5a80000)
  to   space 512K, 0% used [0x00000000d5a80000,0x00000000d5a80000,0x00000000d5b00000)
 ParOldGen       total 844288K, used 257448K [0x0000000080000000, 0x00000000b3880000, 0x00000000d5580000)
  object space 844288K, 30% used [0x0000000080000000,0x000000008fb6a3d8,0x00000000b3880000)
 Metaspace       used 87014K, committed 88704K, reserved 1179648K
  class space    used 8908K, committed 9664K, reserved 1048576K

Card table byte_map: [0x000001ecff660000,0x000001ecffa70000] _byte_map_base: 0x000001ecff260000

Marking Bits: (ParMarkBitMap*) 0x00007ffad4933450
 Begin Bits: [0x000001ec93550000, 0x000001ec95550000)
 End Bits:   [0x000001ec95550000, 0x000001ec97550000)

Polling page: 0x000001ecff450000

Metaspace:

Usage:
  Non-class:     76.28 MB used.
      Class:      8.70 MB used.
       Both:     84.98 MB used.

Virtual space:
  Non-class space:      128.00 MB reserved,      77.19 MB ( 60%) committed,  2 nodes.
      Class space:        1.00 GB reserved,       9.44 MB ( <1%) committed,  1 nodes.
             Both:        1.12 GB reserved,      86.62 MB (  8%) committed. 

Chunk freelists:
   Non-Class:  2.33 MB
       Class:  6.58 MB
        Both:  8.90 MB

MaxMetaspaceSize: unlimited
CompressedClassSpaceSize: 1.00 GB
Initial GC threshold: 21.00 MB
Current GC threshold: 143.56 MB
CDS: on
 - commit_granule_bytes: 65536.
 - commit_granule_words: 8192.
 - virtual_space_node_default_size: 8388608.
 - enlarge_chunks_in_place: 1.
 - use_allocation_guard: 0.


Internal statistics:

num_allocs_failed_limit: 9.
num_arena_births: 1522.
num_arena_deaths: 18.
num_vsnodes_births: 3.
num_vsnodes_deaths: 0.
num_space_committed: 1386.
num_space_uncommitted: 0.
num_chunks_returned_to_freelist: 29.
num_chunks_taken_from_freelist: 5688.
num_chunk_merges: 11.
num_chunk_splits: 3423.
num_chunks_enlarged: 1888.
num_inconsistent_stats: 0.

CodeHeap 'non-profiled nmethods': size=120000Kb used=18434Kb max_used=20904Kb free=101565Kb
 bounds [0x000001ec8c020000, 0x000001ec8d490000, 0x000001ec93550000]
CodeHeap 'profiled nmethods': size=120000Kb used=42233Kb max_used=50404Kb free=77766Kb
 bounds [0x000001ec84550000, 0x000001ec87690000, 0x000001ec8ba80000]
CodeHeap 'non-nmethods': size=5760Kb used=1525Kb max_used=1624Kb free=4234Kb
 bounds [0x000001ec8ba80000, 0x000001ec8bcf0000, 0x000001ec8c020000]
CodeCache: size=245760Kb, used=62192Kb, max_used=72932Kb, free=183565Kb
 total_blobs=16848, nmethods=16007, adapters=743, full_count=0
Compilation: enabled, stopped_count=0, restarted_count=0

Compilation events (20 events):
Event: 1624.468 Thread 0x000001ec97ae9120 nmethod 20157 0x000001ec849f1390 code [0x000001ec849f1560, 0x000001ec849f18e8]
Event: 1624.469 Thread 0x000001ec97a888e0 20158       4       org.eclipse.jdt.internal.compiler.parser.Parser::consumeInvocationExpression (1 bytes)
Event: 1624.470 Thread 0x000001ec97a888e0 nmethod 20158 0x000001ec8c189190 code [0x000001ec8c189320, 0x000001ec8c1893a8]
Event: 1624.470 Thread 0x000001ec97ae9120 20159       3       org.eclipse.jdt.internal.core.SourceConstructorInfo::setReturnType (1 bytes)
Event: 1624.470 Thread 0x000001ec97ae9120 nmethod 20159 0x000001ec84831590 code [0x000001ec84831720, 0x000001ec84831828]
Event: 1624.477 Thread 0x000001ec97ae9120 20160       3       org.eclipse.jdt.internal.compiler.parser.Parser::recoveryTokenCheck (410 bytes)
Event: 1624.479 Thread 0x000001ec97ae9120 nmethod 20160 0x000001ec84732a10 code [0x000001ec84732ca0, 0x000001ec847338a0]
Event: 1624.479 Thread 0x000001ec97a888e0 20161       4       org.eclipse.jdt.internal.compiler.ast.Expression::setExpressionContext (1 bytes)
Event: 1624.480 Thread 0x000001ec97a888e0 nmethod 20161 0x000001ec8c192b10 code [0x000001ec8c192ca0, 0x000001ec8c192d28]
Event: 1624.485 Thread 0x000001ec97ae9120 20162       3       org.eclipse.jdt.internal.core.JavaElement::toStringWithAncestors (28 bytes)
Event: 1624.486 Thread 0x000001ec97ae9120 nmethod 20162 0x000001ec85177b90 code [0x000001ec85177da0, 0x000001ec851782e0]
Event: 1624.486 Thread 0x000001ec97ae9120 20163       3       org.eclipse.jdt.internal.core.PackageFragment::toStringInfo (62 bytes)
Event: 1624.487 Thread 0x000001ec97ae9120 nmethod 20163 0x000001ec84a12f90 code [0x000001ec84a13260, 0x000001ec84a13ed8]
Event: 1624.487 Thread 0x000001ec97ae9120 20164       3       org.eclipse.jdt.core.dom.ASTVisitor::endVisit (1 bytes)
Event: 1624.487 Thread 0x000001ec97ae9120 nmethod 20164 0x000001ec84973690 code [0x000001ec84973820, 0x000001ec84973928]
Event: 1624.519 Thread 0x000001ec97a888e0 20165       4       org.eclipse.jdt.internal.compiler.parser.Parser::consumeToken (2260 bytes)
Event: 1624.522 Thread 0x000001ec97ae9120 20167       3       org.eclipse.jdt.internal.codeassist.CompletionEngine::findLocalMethods (2804 bytes)
Event: 1624.540 Thread 0x000001ec97ae9120 nmethod 20167 0x000001ec85540b90 code [0x000001ec85541ea0, 0x000001ec855512a8]
Event: 1624.596 Thread 0x000001ec97a888e0 nmethod 20165 0x000001ec8cc75e90 code [0x000001ec8cc76ec0, 0x000001ec8cc7a470]
Event: 1624.597 Thread 0x000001ec97a888e0 20166   !   4       org.eclipse.jdt.internal.compiler.lookup.BinaryTypeBinding::cachePartsFrom2 (1809 bytes)

GC Heap History (20 events):
Event: 1621.743 GC heap before
{Heap before GC invocations=1875 (full 5):
 PSYoungGen      total 3072K, used 2720K [0x00000000d5580000, 0x00000000d5b00000, 0x0000000100000000)
  eden space 2560K, 100% used [0x00000000d5580000,0x00000000d5800000,0x00000000d5800000)
  from space 512K, 31% used [0x00000000d5a00000,0x00000000d5a28000,0x00000000d5a80000)
  to   space 512K, 0% used [0x00000000d5a80000,0x00000000d5a80000,0x00000000d5b00000)
 ParOldGen       total 844288K, used 256044K [0x0000000080000000, 0x00000000b3880000, 0x00000000d5580000)
  object space 844288K, 30% used [0x0000000080000000,0x000000008fa0b1b8,0x00000000b3880000)
 Metaspace       used 86905K, committed 88576K, reserved 1179648K
  class space    used 8908K, committed 9664K, reserved 1048576K
}
Event: 1621.745 GC heap after
{Heap after GC invocations=1875 (full 5):
 PSYoungGen      total 3072K, used 128K [0x00000000d5580000, 0x00000000d5b00000, 0x0000000100000000)
  eden space 2560K, 0% used [0x00000000d5580000,0x00000000d5580000,0x00000000d5800000)
  from space 512K, 25% used [0x00000000d5a80000,0x00000000d5aa0000,0x00000000d5b00000)
  to   space 512K, 0% used [0x00000000d5a00000,0x00000000d5a00000,0x00000000d5a80000)
 ParOldGen       total 844288K, used 256068K [0x0000000080000000, 0x00000000b3880000, 0x00000000d5580000)
  object space 844288K, 30% used [0x0000000080000000,0x000000008fa111b8,0x00000000b3880000)
 Metaspace       used 86905K, committed 88576K, reserved 1179648K
  class space    used 8908K, committed 9664K, reserved 1048576K
}
Event: 1622.092 GC heap before
{Heap before GC invocations=1876 (full 5):
 PSYoungGen      total 3072K, used 2688K [0x00000000d5580000, 0x00000000d5b00000, 0x0000000100000000)
  eden space 2560K, 100% used [0x00000000d5580000,0x00000000d5800000,0x00000000d5800000)
  from space 512K, 25% used [0x00000000d5a80000,0x00000000d5aa0000,0x00000000d5b00000)
  to   space 512K, 0% used [0x00000000d5a00000,0x00000000d5a00000,0x00000000d5a80000)
 ParOldGen       total 844288K, used 256068K [0x0000000080000000, 0x00000000b3880000, 0x00000000d5580000)
  object space 844288K, 30% used [0x0000000080000000,0x000000008fa111b8,0x00000000b3880000)
 Metaspace       used 86917K, committed 88576K, reserved 1179648K
  class space    used 8908K, committed 9664K, reserved 1048576K
}
Event: 1622.098 GC heap after
{Heap after GC invocations=1876 (full 5):
 PSYoungGen      total 3072K, used 416K [0x00000000d5580000, 0x00000000d5b00000, 0x0000000100000000)
  eden space 2560K, 0% used [0x00000000d5580000,0x00000000d5580000,0x00000000d5800000)
  from space 512K, 81% used [0x00000000d5a00000,0x00000000d5a68000,0x00000000d5a80000)
  to   space 512K, 0% used [0x00000000d5a80000,0x00000000d5a80000,0x00000000d5b00000)
 ParOldGen       total 844288K, used 256084K [0x0000000080000000, 0x00000000b3880000, 0x00000000d5580000)
  object space 844288K, 30% used [0x0000000080000000,0x000000008fa151b8,0x00000000b3880000)
 Metaspace       used 86917K, committed 88576K, reserved 1179648K
  class space    used 8908K, committed 9664K, reserved 1048576K
}
Event: 1623.652 GC heap before
{Heap before GC invocations=1877 (full 5):
 PSYoungGen      total 3072K, used 2976K [0x00000000d5580000, 0x00000000d5b00000, 0x0000000100000000)
  eden space 2560K, 100% used [0x00000000d5580000,0x00000000d5800000,0x00000000d5800000)
  from space 512K, 81% used [0x00000000d5a00000,0x00000000d5a68000,0x00000000d5a80000)
  to   space 512K, 0% used [0x00000000d5a80000,0x00000000d5a80000,0x00000000d5b00000)
 ParOldGen       total 844288K, used 256084K [0x0000000080000000, 0x00000000b3880000, 0x00000000d5580000)
  object space 844288K, 30% used [0x0000000080000000,0x000000008fa151b8,0x00000000b3880000)
 Metaspace       used 86918K, committed 88576K, reserved 1179648K
  class space    used 8908K, committed 9664K, reserved 1048576K
}
Event: 1623.653 GC heap after
{Heap after GC invocations=1877 (full 5):
 PSYoungGen      total 3072K, used 160K [0x00000000d5580000, 0x00000000d5b00000, 0x0000000100000000)
  eden space 2560K, 0% used [0x00000000d5580000,0x00000000d5580000,0x00000000d5800000)
  from space 512K, 31% used [0x00000000d5a80000,0x00000000d5aa8000,0x00000000d5b00000)
  to   space 512K, 0% used [0x00000000d5a00000,0x00000000d5a00000,0x00000000d5a80000)
 ParOldGen       total 844288K, used 256100K [0x0000000080000000, 0x00000000b3880000, 0x00000000d5580000)
  object space 844288K, 30% used [0x0000000080000000,0x000000008fa191b8,0x00000000b3880000)
 Metaspace       used 86918K, committed 88576K, reserved 1179648K
  class space    used 8908K, committed 9664K, reserved 1048576K
}
Event: 1623.737 GC heap before
{Heap before GC invocations=1878 (full 5):
 PSYoungGen      total 3072K, used 2719K [0x00000000d5580000, 0x00000000d5b00000, 0x0000000100000000)
  eden space 2560K, 99% used [0x00000000d5580000,0x00000000d57fffe8,0x00000000d5800000)
  from space 512K, 31% used [0x00000000d5a80000,0x00000000d5aa8000,0x00000000d5b00000)
  to   space 512K, 0% used [0x00000000d5a00000,0x00000000d5a00000,0x00000000d5a80000)
 ParOldGen       total 844288K, used 256100K [0x0000000080000000, 0x00000000b3880000, 0x00000000d5580000)
  object space 844288K, 30% used [0x0000000080000000,0x000000008fa191b8,0x00000000b3880000)
 Metaspace       used 86946K, committed 88640K, reserved 1179648K
  class space    used 8908K, committed 9664K, reserved 1048576K
}
Event: 1623.738 GC heap after
{Heap after GC invocations=1878 (full 5):
 PSYoungGen      total 3072K, used 512K [0x00000000d5580000, 0x00000000d5b00000, 0x0000000100000000)
  eden space 2560K, 0% used [0x00000000d5580000,0x00000000d5580000,0x00000000d5800000)
  from space 512K, 100% used [0x00000000d5a00000,0x00000000d5a80000,0x00000000d5a80000)
  to   space 512K, 0% used [0x00000000d5a80000,0x00000000d5a80000,0x00000000d5b00000)
 ParOldGen       total 844288K, used 256462K [0x0000000080000000, 0x00000000b3880000, 0x00000000d5580000)
  object space 844288K, 30% used [0x0000000080000000,0x000000008fa73ab8,0x00000000b3880000)
 Metaspace       used 86946K, committed 88640K, reserved 1179648K
  class space    used 8908K, committed 9664K, reserved 1048576K
}
Event: 1623.892 GC heap before
{Heap before GC invocations=1879 (full 5):
 PSYoungGen      total 3072K, used 3072K [0x00000000d5580000, 0x00000000d5b00000, 0x0000000100000000)
  eden space 2560K, 100% used [0x00000000d5580000,0x00000000d5800000,0x00000000d5800000)
  from space 512K, 100% used [0x00000000d5a00000,0x00000000d5a80000,0x00000000d5a80000)
  to   space 512K, 0% used [0x00000000d5a80000,0x00000000d5a80000,0x00000000d5b00000)
 ParOldGen       total 844288K, used 256462K [0x0000000080000000, 0x00000000b3880000, 0x00000000d5580000)
  object space 844288K, 30% used [0x0000000080000000,0x000000008fa73ab8,0x00000000b3880000)
 Metaspace       used 86951K, committed 88640K, reserved 1179648K
  class space    used 8908K, committed 9664K, reserved 1048576K
}
Event: 1623.894 GC heap after
{Heap after GC invocations=1879 (full 5):
 PSYoungGen      total 3072K, used 256K [0x00000000d5580000, 0x00000000d5b00000, 0x0000000100000000)
  eden space 2560K, 0% used [0x00000000d5580000,0x00000000d5580000,0x00000000d5800000)
  from space 512K, 50% used [0x00000000d5a80000,0x00000000d5ac0000,0x00000000d5b00000)
  to   space 512K, 0% used [0x00000000d5a00000,0x00000000d5a00000,0x00000000d5a80000)
 ParOldGen       total 844288K, used 256987K [0x0000000080000000, 0x00000000b3880000, 0x00000000d5580000)
  object space 844288K, 30% used [0x0000000080000000,0x000000008faf6f48,0x00000000b3880000)
 Metaspace       used 86951K, committed 88640K, reserved 1179648K
  class space    used 8908K, committed 9664K, reserved 1048576K
}
Event: 1623.982 GC heap before
{Heap before GC invocations=1880 (full 5):
 PSYoungGen      total 3072K, used 2816K [0x00000000d5580000, 0x00000000d5b00000, 0x0000000100000000)
  eden space 2560K, 100% used [0x00000000d5580000,0x00000000d5800000,0x00000000d5800000)
  from space 512K, 50% used [0x00000000d5a80000,0x00000000d5ac0000,0x00000000d5b00000)
  to   space 512K, 0% used [0x00000000d5a00000,0x00000000d5a00000,0x00000000d5a80000)
 ParOldGen       total 844288K, used 256987K [0x0000000080000000, 0x00000000b3880000, 0x00000000d5580000)
  object space 844288K, 30% used [0x0000000080000000,0x000000008faf6f48,0x00000000b3880000)
 Metaspace       used 86952K, committed 88640K, reserved 1179648K
  class space    used 8908K, committed 9664K, reserved 1048576K
}
Event: 1623.983 GC heap after
{Heap after GC invocations=1880 (full 5):
 PSYoungGen      total 3072K, used 128K [0x00000000d5580000, 0x00000000d5b00000, 0x0000000100000000)
  eden space 2560K, 0% used [0x00000000d5580000,0x00000000d5580000,0x00000000d5800000)
  from space 512K, 25% used [0x00000000d5a00000,0x00000000d5a20000,0x00000000d5a80000)
  to   space 512K, 0% used [0x00000000d5a80000,0x00000000d5a80000,0x00000000d5b00000)
 ParOldGen       total 844288K, used 257091K [0x0000000080000000, 0x00000000b3880000, 0x00000000d5580000)
  object space 844288K, 30% used [0x0000000080000000,0x000000008fb10f48,0x00000000b3880000)
 Metaspace       used 86952K, committed 88640K, reserved 1179648K
  class space    used 8908K, committed 9664K, reserved 1048576K
}
Event: 1624.053 GC heap before
{Heap before GC invocations=1881 (full 5):
 PSYoungGen      total 3072K, used 2687K [0x00000000d5580000, 0x00000000d5b00000, 0x0000000100000000)
  eden space 2560K, 99% used [0x00000000d5580000,0x00000000d57ffff0,0x00000000d5800000)
  from space 512K, 25% used [0x00000000d5a00000,0x00000000d5a20000,0x00000000d5a80000)
  to   space 512K, 0% used [0x00000000d5a80000,0x00000000d5a80000,0x00000000d5b00000)
 ParOldGen       total 844288K, used 257091K [0x0000000080000000, 0x00000000b3880000, 0x00000000d5580000)
  object space 844288K, 30% used [0x0000000080000000,0x000000008fb10f48,0x00000000b3880000)
 Metaspace       used 86952K, committed 88640K, reserved 1179648K
  class space    used 8908K, committed 9664K, reserved 1048576K
}
Event: 1624.054 GC heap after
{Heap after GC invocations=1881 (full 5):
 PSYoungGen      total 3072K, used 352K [0x00000000d5580000, 0x00000000d5b00000, 0x0000000100000000)
  eden space 2560K, 0% used [0x00000000d5580000,0x00000000d5580000,0x00000000d5800000)
  from space 512K, 68% used [0x00000000d5a80000,0x00000000d5ad8000,0x00000000d5b00000)
  to   space 512K, 0% used [0x00000000d5a00000,0x00000000d5a00000,0x00000000d5a80000)
 ParOldGen       total 844288K, used 257107K [0x0000000080000000, 0x00000000b3880000, 0x00000000d5580000)
  object space 844288K, 30% used [0x0000000080000000,0x000000008fb14f48,0x00000000b3880000)
 Metaspace       used 86952K, committed 88640K, reserved 1179648K
  class space    used 8908K, committed 9664K, reserved 1048576K
}
Event: 1624.192 GC heap before
{Heap before GC invocations=1882 (full 5):
 PSYoungGen      total 3072K, used 2912K [0x00000000d5580000, 0x00000000d5b00000, 0x0000000100000000)
  eden space 2560K, 100% used [0x00000000d5580000,0x00000000d5800000,0x00000000d5800000)
  from space 512K, 68% used [0x00000000d5a80000,0x00000000d5ad8000,0x00000000d5b00000)
  to   space 512K, 0% used [0x00000000d5a00000,0x00000000d5a00000,0x00000000d5a80000)
 ParOldGen       total 844288K, used 257107K [0x0000000080000000, 0x00000000b3880000, 0x00000000d5580000)
  object space 844288K, 30% used [0x0000000080000000,0x000000008fb14f48,0x00000000b3880000)
 Metaspace       used 86964K, committed 88640K, reserved 1179648K
  class space    used 8908K, committed 9664K, reserved 1048576K
}
Event: 1624.193 GC heap after
{Heap after GC invocations=1882 (full 5):
 PSYoungGen      total 3072K, used 128K [0x00000000d5580000, 0x00000000d5b00000, 0x0000000100000000)
  eden space 2560K, 0% used [0x00000000d5580000,0x00000000d5580000,0x00000000d5800000)
  from space 512K, 25% used [0x00000000d5a00000,0x00000000d5a20000,0x00000000d5a80000)
  to   space 512K, 0% used [0x00000000d5a80000,0x00000000d5a80000,0x00000000d5b00000)
 ParOldGen       total 844288K, used 257123K [0x0000000080000000, 0x00000000b3880000, 0x00000000d5580000)
  object space 844288K, 30% used [0x0000000080000000,0x000000008fb18f48,0x00000000b3880000)
 Metaspace       used 86964K, committed 88640K, reserved 1179648K
  class space    used 8908K, committed 9664K, reserved 1048576K
}
Event: 1624.473 GC heap before
{Heap before GC invocations=1883 (full 5):
 PSYoungGen      total 3072K, used 2688K [0x00000000d5580000, 0x00000000d5b00000, 0x0000000100000000)
  eden space 2560K, 100% used [0x00000000d5580000,0x00000000d5800000,0x00000000d5800000)
  from space 512K, 25% used [0x00000000d5a00000,0x00000000d5a20000,0x00000000d5a80000)
  to   space 512K, 0% used [0x00000000d5a80000,0x00000000d5a80000,0x00000000d5b00000)
 ParOldGen       total 844288K, used 257123K [0x0000000080000000, 0x00000000b3880000, 0x00000000d5580000)
  object space 844288K, 30% used [0x0000000080000000,0x000000008fb18f48,0x00000000b3880000)
 Metaspace       used 86965K, committed 88640K, reserved 1179648K
  class space    used 8908K, committed 9664K, reserved 1048576K
}
Event: 1624.474 GC heap after
{Heap after GC invocations=1883 (full 5):
 PSYoungGen      total 3072K, used 160K [0x00000000d5580000, 0x00000000d5b00000, 0x0000000100000000)
  eden space 2560K, 0% used [0x00000000d5580000,0x00000000d5580000,0x00000000d5800000)
  from space 512K, 31% used [0x00000000d5a80000,0x00000000d5aa8000,0x00000000d5b00000)
  to   space 512K, 0% used [0x00000000d5a00000,0x00000000d5a00000,0x00000000d5a80000)
 ParOldGen       total 844288K, used 257139K [0x0000000080000000, 0x00000000b3880000, 0x00000000d5580000)
  object space 844288K, 30% used [0x0000000080000000,0x000000008fb1cf48,0x00000000b3880000)
 Metaspace       used 86965K, committed 88640K, reserved 1179648K
  class space    used 8908K, committed 9664K, reserved 1048576K
}
Event: 1624.519 GC heap before
{Heap before GC invocations=1884 (full 5):
 PSYoungGen      total 3072K, used 2720K [0x00000000d5580000, 0x00000000d5b00000, 0x0000000100000000)
  eden space 2560K, 100% used [0x00000000d5580000,0x00000000d5800000,0x00000000d5800000)
  from space 512K, 31% used [0x00000000d5a80000,0x00000000d5aa8000,0x00000000d5b00000)
  to   space 512K, 0% used [0x00000000d5a00000,0x00000000d5a00000,0x00000000d5a80000)
 ParOldGen       total 844288K, used 257139K [0x0000000080000000, 0x00000000b3880000, 0x00000000d5580000)
  object space 844288K, 30% used [0x0000000080000000,0x000000008fb1cf48,0x00000000b3880000)
 Metaspace       used 86974K, committed 88640K, reserved 1179648K
  class space    used 8908K, committed 9664K, reserved 1048576K
}
Event: 1624.520 GC heap after
{Heap after GC invocations=1884 (full 5):
 PSYoungGen      total 3072K, used 512K [0x00000000d5580000, 0x00000000d5b00000, 0x0000000100000000)
  eden space 2560K, 0% used [0x00000000d5580000,0x00000000d5580000,0x00000000d5800000)
  from space 512K, 100% used [0x00000000d5a00000,0x00000000d5a80000,0x00000000d5a80000)
  to   space 512K, 0% used [0x00000000d5a80000,0x00000000d5a80000,0x00000000d5b00000)
 ParOldGen       total 844288K, used 257448K [0x0000000080000000, 0x00000000b3880000, 0x00000000d5580000)
  object space 844288K, 30% used [0x0000000080000000,0x000000008fb6a3d8,0x00000000b3880000)
 Metaspace       used 86974K, committed 88640K, reserved 1179648K
  class space    used 8908K, committed 9664K, reserved 1048576K
}

Dll operation events (14 events):
Event: 0.008 Loaded shared library c:\Users\Arvind\.vscode\extensions\redhat.java-1.54.0-win32-x64\jre\21.0.10-win32-x86_64\bin\java.dll
Event: 0.086 Loaded shared library c:\Users\Arvind\.vscode\extensions\redhat.java-1.54.0-win32-x64\jre\21.0.10-win32-x86_64\bin\zip.dll
Event: 0.130 Loaded shared library C:\Users\Arvind\.vscode\extensions\redhat.java-1.54.0-win32-x64\jre\21.0.10-win32-x86_64\bin\instrument.dll
Event: 0.135 Loaded shared library C:\Users\Arvind\.vscode\extensions\redhat.java-1.54.0-win32-x64\jre\21.0.10-win32-x86_64\bin\net.dll
Event: 0.137 Loaded shared library C:\Users\Arvind\.vscode\extensions\redhat.java-1.54.0-win32-x64\jre\21.0.10-win32-x86_64\bin\nio.dll
Event: 0.142 Loaded shared library C:\Users\Arvind\.vscode\extensions\redhat.java-1.54.0-win32-x64\jre\21.0.10-win32-x86_64\bin\zip.dll
Event: 0.164 Loaded shared library C:\Users\Arvind\.vscode\extensions\redhat.java-1.54.0-win32-x64\jre\21.0.10-win32-x86_64\bin\jimage.dll
Event: 0.237 Loaded shared library c:\Users\Arvind\.vscode\extensions\redhat.java-1.54.0-win32-x64\jre\21.0.10-win32-x86_64\bin\verify.dll
Event: 1.889 Loaded shared library C:\Users\Arvind\AppData\Roaming\Code\User\globalStorage\redhat.java\1.54.0\config_win\org.eclipse.equinox.launcher\org.eclipse.equinox.launcher.win32.win32.x86_64_1.3.0.v20260203-2149\eclipse_11919.dll
Event: 6.244 Loaded shared library C:\Users\Arvind\.vscode\extensions\redhat.java-1.54.0-win32-x64\jre\21.0.10-win32-x86_64\bin\management.dll
Event: 6.248 Loaded shared library C:\Users\Arvind\.vscode\extensions\redhat.java-1.54.0-win32-x64\jre\21.0.10-win32-x86_64\bin\management_ext.dll
Event: 7.452 Loaded shared library C:\Users\Arvind\AppData\Local\Temp\jna-1969795962\jna4312260524605938689.dll
Event: 7.572 Loaded shared library C:\Users\Arvind\.vscode\extensions\redhat.java-1.54.0-win32-x64\jre\21.0.10-win32-x86_64\bin\sunmscapi.dll
Event: 8.007 Loaded shared library C:\Users\Arvind\.vscode\extensions\redhat.java-1.54.0-win32-x64\jre\21.0.10-win32-x86_64\bin\extnet.dll

Deoptimization events (20 events):
Event: 1623.740 Thread 0x000001ece00cddd0 Uncommon trap: trap_request=0xffffffde fr.pc=0x000001ec8c1d4b8c relative=0x00000000000007ac
Event: 1623.740 Thread 0x000001ece00cddd0 Uncommon trap: reason=class_check action=maybe_recompile pc=0x000001ec8c1d4b8c method=org.eclipse.jdt.internal.compiler.parser.Parser.consumeToken(Lorg/eclipse/jdt/internal/compiler/parser/TerminalToken;)V @ 1597 c2
Event: 1623.740 Thread 0x000001ece00cddd0 DEOPT PACKING pc=0x000001ec8c1d4b8c sp=0x0000000e395fe6e0
Event: 1623.740 Thread 0x000001ece00cddd0 DEOPT UNPACKING pc=0x000001ec8bad3aa2 sp=0x0000000e395fe690 mode 2
Event: 1623.741 Thread 0x000001ece00cddd0 Uncommon trap: trap_request=0xffffff54 fr.pc=0x000001ec8d175a9c relative=0x000000000000145c
Event: 1623.741 Thread 0x000001ece00cddd0 Uncommon trap: reason=speculate_null_assert action=make_not_entrant pc=0x000001ec8d175a9c method=org.eclipse.jdt.internal.core.NameLookup.findSecondaryType(Ljava/lang/String;Ljava/lang/String;Lorg/eclipse/jdt/core/IJavaProject;ZLorg/eclipse/core/runtime/I
Event: 1623.741 Thread 0x000001ece00cddd0 DEOPT PACKING pc=0x000001ec8d175a9c sp=0x0000000e395fe990
Event: 1623.741 Thread 0x000001ece00cddd0 DEOPT UNPACKING pc=0x000001ec8bad3aa2 sp=0x0000000e395fe968 mode 2
Event: 1624.469 Thread 0x000001ece00cca20 Uncommon trap: trap_request=0xffffff45 fr.pc=0x000001ec8ce2bdbc relative=0x00000000000002bc
Event: 1624.469 Thread 0x000001ece00cca20 Uncommon trap: reason=unstable_if action=reinterpret pc=0x000001ec8ce2bdbc method=org.eclipse.jdt.internal.compiler.parser.Parser.recoveryTokenCheck()V @ 11 c2
Event: 1624.469 Thread 0x000001ece00cca20 DEOPT PACKING pc=0x000001ec8ce2bdbc sp=0x0000000e3a5fe7f0
Event: 1624.469 Thread 0x000001ece00cca20 DEOPT UNPACKING pc=0x000001ec8bad3aa2 sp=0x0000000e3a5fe778 mode 2
Event: 1624.477 Thread 0x000001ece00cddd0 Uncommon trap: trap_request=0xffffffde fr.pc=0x000001ec8c1d4ba8 relative=0x00000000000007c8
Event: 1624.477 Thread 0x000001ece00cddd0 Uncommon trap: reason=class_check action=maybe_recompile pc=0x000001ec8c1d4ba8 method=org.eclipse.jdt.internal.compiler.parser.Parser.consumeToken(Lorg/eclipse/jdt/internal/compiler/parser/TerminalToken;)V @ 1617 c2
Event: 1624.477 Thread 0x000001ece00cddd0 DEOPT PACKING pc=0x000001ec8c1d4ba8 sp=0x0000000e395fe1c0
Event: 1624.477 Thread 0x000001ece00cddd0 DEOPT UNPACKING pc=0x000001ec8bad3aa2 sp=0x0000000e395fe158 mode 2
Event: 1624.477 Thread 0x000001ece00cddd0 Uncommon trap: trap_request=0xffffffde fr.pc=0x000001ec8c1d4ba8 relative=0x00000000000007c8
Event: 1624.477 Thread 0x000001ece00cddd0 Uncommon trap: reason=class_check action=maybe_recompile pc=0x000001ec8c1d4ba8 method=org.eclipse.jdt.internal.compiler.parser.Parser.consumeToken(Lorg/eclipse/jdt/internal/compiler/parser/TerminalToken;)V @ 1617 c2
Event: 1624.477 Thread 0x000001ece00cddd0 DEOPT PACKING pc=0x000001ec8c1d4ba8 sp=0x0000000e395fe1c0
Event: 1624.477 Thread 0x000001ece00cddd0 DEOPT UNPACKING pc=0x000001ec8bad3aa2 sp=0x0000000e395fe158 mode 2

Classes loaded (20 events):
Event: 1586.215 Loading class sun/security/provider/certpath/OCSP$RevocationStatus done
Event: 1586.215 Loading class sun/security/provider/certpath/OCSPResponse$SingleResponse done
Event: 1586.215 Loading class sun/security/provider/certpath/CertId
Event: 1586.215 Loading class sun/security/provider/certpath/CertId done
Event: 1586.215 Loading class sun/security/provider/certpath/OCSP$RevocationStatus$CertStatus
Event: 1586.215 Loading class sun/security/provider/certpath/OCSP$RevocationStatus$CertStatus done
Event: 1586.234 Loading class sun/security/ssl/CertificateVerify$T13CertificateVerifyMessage
Event: 1586.234 Loading class sun/security/ssl/CertificateVerify$T13CertificateVerifyMessage done
Event: 1586.236 Loading class sun/security/ssl/SSLBasicKeyDerivation
Event: 1586.237 Loading class sun/security/ssl/SSLBasicKeyDerivation done
Event: 1586.237 Loading class sun/security/ssl/SSLBasicKeyDerivation$SecretSizeSpec
Event: 1586.237 Loading class sun/security/ssl/SSLBasicKeyDerivation$SecretSizeSpec done
Event: 1586.246 Loading class sun/security/ssl/PostHandshakeContext
Event: 1586.247 Loading class sun/security/ssl/PostHandshakeContext done
Event: 1586.247 Loading class sun/security/ssl/NewSessionTicket$T13NewSessionTicketMessage
Event: 1586.247 Loading class sun/security/ssl/NewSessionTicket$T13NewSessionTicketMessage done
Event: 1597.349 Loading class java/util/concurrent/ConcurrentHashMap$TreeNode
Event: 1597.349 Loading class java/util/concurrent/ConcurrentHashMap$TreeNode done
Event: 1597.349 Loading class java/util/concurrent/ConcurrentHashMap$TreeBin
Event: 1597.349 Loading class java/util/concurrent/ConcurrentHashMap$TreeBin done

Classes unloaded (9 events):
Event: 6.871 Thread 0x000001ec97a62360 Unloading class 0x000001ec991a2800 'java/lang/invoke/LambdaForm$MH+0x000001ec991a2800'
Event: 6.871 Thread 0x000001ec97a62360 Unloading class 0x000001ec991a2400 'java/lang/invoke/LambdaForm$MH+0x000001ec991a2400'
Event: 6.871 Thread 0x000001ec97a62360 Unloading class 0x000001ec991a2000 'java/lang/invoke/LambdaForm$MH+0x000001ec991a2000'
Event: 6.871 Thread 0x000001ec97a62360 Unloading class 0x000001ec991a1c00 'java/lang/invoke/LambdaForm$MH+0x000001ec991a1c00'
Event: 6.871 Thread 0x000001ec97a62360 Unloading class 0x000001ec991a1800 'java/lang/invoke/LambdaForm$BMH+0x000001ec991a1800'
Event: 6.871 Thread 0x000001ec97a62360 Unloading class 0x000001ec991a1400 'java/lang/invoke/LambdaForm$DMH+0x000001ec991a1400'
Event: 6.871 Thread 0x000001ec97a62360 Unloading class 0x000001ec991a0000 'java/lang/invoke/LambdaForm$DMH+0x000001ec991a0000'
Event: 11.716 Thread 0x000001ec97a62360 Unloading class 0x000001ec996c8800 'java/lang/invoke/LambdaForm$MH+0x000001ec996c8800'
Event: 11.716 Thread 0x000001ec97a62360 Unloading class 0x000001ec996c8000 'java/lang/invoke/LambdaForm$MH+0x000001ec996c8000'

Classes redefined (0 events):
No events

Internal exceptions (20 events):
Event: 1613.325 Thread 0x000001ecdeb30620 Exception <a 'sun/nio/fs/WindowsException'{0x00000000d558aff8}> (0x00000000d558aff8) 
thrown [s\src\hotspot\share\prims\jni.cpp, line 520]
Event: 1614.388 Thread 0x000001ece00d0bc0 Exception <a 'java/lang/ArrayIndexOutOfBoundsException'{0x00000000d56c3ee0}> (0x00000000d56c3ee0) 
thrown [s\src\hotspot\share\runtime\sharedRuntime.cpp, line 625]
Event: 1614.489 Thread 0x000001ece00cddd0 Exception <a 'java/lang/ArrayIndexOutOfBoundsException'{0x00000000d55987f8}> (0x00000000d55987f8) 
thrown [s\src\hotspot\share\runtime\sharedRuntime.cpp, line 625]
Event: 1614.496 Thread 0x000001ece00cddd0 Exception <a 'java/lang/ArrayIndexOutOfBoundsException'{0x00000000d56c1c90}> (0x00000000d56c1c90) 
thrown [s\src\hotspot\share\runtime\sharedRuntime.cpp, line 625]
Event: 1615.220 Thread 0x000001ece00cddd0 Exception <a 'java/lang/ArrayIndexOutOfBoundsException'{0x00000000d5585070}> (0x00000000d5585070) 
thrown [s\src\hotspot\share\runtime\sharedRuntime.cpp, line 625]
Event: 1616.215 Thread 0x000001ecdeb30620 Exception <a 'sun/nio/fs/WindowsException'{0x00000000d55b93c0}> (0x00000000d55b93c0) 
thrown [s\src\hotspot\share\prims\jni.cpp, line 520]
Event: 1616.284 Thread 0x000001ecdeb30620 Exception <a 'sun/nio/fs/WindowsException'{0x00000000d55deb60}> (0x00000000d55deb60) 
thrown [s\src\hotspot\share\prims\jni.cpp, line 520]
Event: 1616.672 Thread 0x000001ecd99beaf0 Exception <a 'java/lang/ArrayIndexOutOfBoundsException'{0x00000000d56a37a8}> (0x00000000d56a37a8) 
thrown [s\src\hotspot\share\runtime\sharedRuntime.cpp, line 625]
Event: 1618.056 Thread 0x000001ece00cddd0 Exception <a 'java/lang/ArrayIndexOutOfBoundsException'{0x00000000d57f9f10}> (0x00000000d57f9f10) 
thrown [s\src\hotspot\share\runtime\sharedRuntime.cpp, line 625]
Event: 1618.067 Thread 0x000001ece00cddd0 Exception <a 'java/lang/ArrayIndexOutOfBoundsException'{0x00000000d569b720}> (0x00000000d569b720) 
thrown [s\src\hotspot\share\runtime\sharedRuntime.cpp, line 625]
Event: 1619.126 Thread 0x000001ece00cddd0 Exception <a 'java/lang/ArrayIndexOutOfBoundsException'{0x00000000d559cab0}> (0x00000000d559cab0) 
thrown [s\src\hotspot\share\runtime\sharedRuntime.cpp, line 625]
Event: 1620.079 Thread 0x000001ecd99beaf0 Exception <a 'java/lang/ArrayIndexOutOfBoundsException'{0x00000000d55db440}> (0x00000000d55db440) 
thrown [s\src\hotspot\share\runtime\sharedRuntime.cpp, line 625]
Event: 1620.282 Thread 0x000001ece00cddd0 Exception <a 'java/lang/ArrayIndexOutOfBoundsException'{0x00000000d5682268}> (0x00000000d5682268) 
thrown [s\src\hotspot\share\runtime\sharedRuntime.cpp, line 625]
Event: 1620.881 Thread 0x000001ece00cddd0 Exception <a 'java/lang/ArrayIndexOutOfBoundsException'{0x00000000d55e7f20}> (0x00000000d55e7f20) 
thrown [s\src\hotspot\share\runtime\sharedRuntime.cpp, line 625]
Event: 1621.204 Thread 0x000001ece00cddd0 Exception <a 'java/lang/ArrayIndexOutOfBoundsException'{0x00000000d566fff8}> (0x00000000d566fff8) 
thrown [s\src\hotspot\share\runtime\sharedRuntime.cpp, line 625]
Event: 1621.607 Thread 0x000001ece00cddd0 Exception <a 'java/lang/ArrayIndexOutOfBoundsException'{0x00000000d56f4120}> (0x00000000d56f4120) 
thrown [s\src\hotspot\share\runtime\sharedRuntime.cpp, line 625]
Event: 1622.087 Thread 0x000001ece00cddd0 Exception <a 'java/lang/ArrayIndexOutOfBoundsException'{0x00000000d5775668}> (0x00000000d5775668) 
thrown [s\src\hotspot\share\runtime\sharedRuntime.cpp, line 625]
Event: 1623.734 Thread 0x000001ece00cddd0 Exception <a 'java/lang/ArrayIndexOutOfBoundsException'{0x00000000d5728190}> (0x00000000d5728190) 
thrown [s\src\hotspot\share\runtime\sharedRuntime.cpp, line 625]
Event: 1623.739 Thread 0x000001ece00cddd0 Exception <a 'java/lang/ArrayIndexOutOfBoundsException'{0x00000000d559cc60}> (0x00000000d559cc60) 
thrown [s\src\hotspot\share\runtime\sharedRuntime.cpp, line 625]
Event: 1624.517 Thread 0x000001ece00cddd0 Exception <a 'java/lang/ArrayIndexOutOfBoundsException'{0x00000000d577f7b0}> (0x00000000d577f7b0) 
thrown [s\src\hotspot\share\runtime\sharedRuntime.cpp, line 625]

ZGC Phase Switch (0 events):
No events

VM Operations (20 events):
Event: 1623.161 Executing non-safepoint VM operation: HandshakeAllThreads (HandshakeForDeflation)
Event: 1623.161 Executing non-safepoint VM operation: HandshakeAllThreads (HandshakeForDeflation) done
Event: 1623.162 Executing non-safepoint VM operation: RendezvousGCThreads
Event: 1623.162 Executing non-safepoint VM operation: RendezvousGCThreads done
Event: 1623.652 Executing safepoint VM operation: ParallelGCFailedAllocation (Allocation Failure)
Event: 1623.653 Executing safepoint VM operation: ParallelGCFailedAllocation (Allocation Failure) done
Event: 1623.737 Executing safepoint VM operation: ParallelGCFailedAllocation (Allocation Failure)
Event: 1623.738 Executing safepoint VM operation: ParallelGCFailedAllocation (Allocation Failure) done
Event: 1623.892 Executing safepoint VM operation: ParallelGCFailedAllocation (Allocation Failure)
Event: 1623.894 Executing safepoint VM operation: ParallelGCFailedAllocation (Allocation Failure) done
Event: 1623.982 Executing safepoint VM operation: ParallelGCFailedAllocation (Allocation Failure)
Event: 1623.983 Executing safepoint VM operation: ParallelGCFailedAllocation (Allocation Failure) done
Event: 1624.053 Executing safepoint VM operation: ParallelGCFailedAllocation (Allocation Failure)
Event: 1624.054 Executing safepoint VM operation: ParallelGCFailedAllocation (Allocation Failure) done
Event: 1624.192 Executing safepoint VM operation: ParallelGCFailedAllocation (Allocation Failure)
Event: 1624.193 Executing safepoint VM operation: ParallelGCFailedAllocation (Allocation Failure) done
Event: 1624.473 Executing safepoint VM operation: ParallelGCFailedAllocation (Allocation Failure)
Event: 1624.474 Executing safepoint VM operation: ParallelGCFailedAllocation (Allocation Failure) done
Event: 1624.519 Executing safepoint VM operation: ParallelGCFailedAllocation (Allocation Failure)
Event: 1624.520 Executing safepoint VM operation: ParallelGCFailedAllocation (Allocation Failure) done

Memory protections (0 events):
No events

Nmethod flushes (20 events):
Event: 1610.565 Thread 0x000001ec97a62360 flushing  nmethod 0x000001ec86379e10
Event: 1610.565 Thread 0x000001ec97a62360 flushing osr nmethod 0x000001ec86380210
Event: 1610.565 Thread 0x000001ec97a62360 flushing  nmethod 0x000001ec8639cc90
Event: 1610.565 Thread 0x000001ec97a62360 flushing  nmethod 0x000001ec863ba710
Event: 1610.565 Thread 0x000001ec97a62360 flushing osr nmethod 0x000001ec86408290
Event: 1610.565 Thread 0x000001ec97a62360 flushing  nmethod 0x000001ec86492890
Event: 1610.565 Thread 0x000001ec97a62360 flushing  nmethod 0x000001ec864c1710
Event: 1610.565 Thread 0x000001ec97a62360 flushing  nmethod 0x000001ec864c7410
Event: 1610.565 Thread 0x000001ec97a62360 flushing  nmethod 0x000001ec864d3690
Event: 1610.565 Thread 0x000001ec97a62360 flushing  nmethod 0x000001ec864dce90
Event: 1610.565 Thread 0x000001ec97a62360 flushing  nmethod 0x000001ec864ed890
Event: 1610.565 Thread 0x000001ec97a62360 flushing  nmethod 0x000001ec864ff690
Event: 1610.565 Thread 0x000001ec97a62360 flushing  nmethod 0x000001ec8651ab90
Event: 1610.565 Thread 0x000001ec97a62360 flushing  nmethod 0x000001ec8651dc90
Event: 1610.565 Thread 0x000001ec97a62360 flushing  nmethod 0x000001ec8651fe10
Event: 1610.565 Thread 0x000001ec97a62360 flushing  nmethod 0x000001ec86528d90
Event: 1610.565 Thread 0x000001ec97a62360 flushing  nmethod 0x000001ec86553090
Event: 1610.565 Thread 0x000001ec97a62360 flushing  nmethod 0x000001ec8665f810
Event: 1610.565 Thread 0x000001ec97a62360 flushing osr nmethod 0x000001ec86670f90
Event: 1610.565 Thread 0x000001ec97a62360 flushing  nmethod 0x000001ec866ce490

Events (20 events):
Event: 1524.024 Thread 0x000001ec97ae9120 Thread added: 0x000001ecdf870a60
Event: 1524.182 Thread 0x000001ecdf870a60 Thread exited: 0x000001ecdf870a60
Event: 1524.209 Thread 0x000001ec97ae9120 Thread added: 0x000001ecdf873a10
Event: 1524.508 Thread 0x000001ecdf873a10 Thread exited: 0x000001ecdf873a10
Event: 1532.643 Thread 0x000001ec97ae9120 Thread added: 0x000001ecdf8747b0
Event: 1532.827 Thread 0x000001ecdf8747b0 Thread exited: 0x000001ecdf8747b0
Event: 1534.099 Thread 0x000001ec97ae9120 Thread added: 0x000001ecdf86f5f0
Event: 1534.691 Thread 0x000001ecdf86f5f0 Thread exited: 0x000001ecdf86f5f0
Event: 1537.844 Thread 0x000001ec97ae9120 Thread added: 0x000001ecdf86ef20
Event: 1538.320 Thread 0x000001ecdf86ef20 Thread exited: 0x000001ecdf86ef20
Event: 1576.198 Thread 0x000001ec97ae9120 Thread added: 0x000001ecdf8762f0
Event: 1577.012 Thread 0x000001ecdf8762f0 Thread exited: 0x000001ecdf8762f0
Event: 1585.989 Thread 0x000001ec97ae9120 Thread added: 0x000001ecdf872c70
Event: 1586.242 Thread 0x000001ecd99b7b60 Thread added: 0x000001ecdee213c0
Event: 1586.242 Thread 0x000001ecdee213c0 Thread exited: 0x000001ecdee213c0
Event: 1586.624 Thread 0x000001ecd99b7b60 Thread added: 0x000001ecdee26fa0
Event: 1586.969 Thread 0x000001ecdf872c70 Thread exited: 0x000001ecdf872c70
Event: 1590.780 Thread 0x000001ec97ae9120 Thread added: 0x000001ecdf86fcc0
Event: 1592.091 Thread 0x000001ecdf86fcc0 Thread exited: 0x000001ecdf86fcc0
Event: 1596.646 Thread 0x000001ecdee26fa0 Thread exited: 0x000001ecdee26fa0


Dynamic libraries:
0x00007ff671e90000 - 0x00007ff671e9e000 	c:\Users\Arvind\.vscode\extensions\redhat.java-1.54.0-win32-x64\jre\21.0.10-win32-x86_64\bin\java.exe
0x00007ffb522b0000 - 0x00007ffb524a8000 	C:\WINDOWS\SYSTEM32\ntdll.dll
0x00007ffb51df0000 - 0x00007ffb51eb2000 	C:\WINDOWS\System32\KERNEL32.DLL
0x00007ffb4fd20000 - 0x00007ffb50017000 	C:\WINDOWS\System32\KERNELBASE.dll
0x00007ffb4fa80000 - 0x00007ffb4fb80000 	C:\WINDOWS\System32\ucrtbase.dll
0x00007ffb4c9e0000 - 0x00007ffb4c9f8000 	c:\Users\Arvind\.vscode\extensions\redhat.java-1.54.0-win32-x64\jre\21.0.10-win32-x86_64\bin\jli.dll
0x00007ffb51720000 - 0x00007ffb518bd000 	C:\WINDOWS\System32\USER32.dll
0x00007ffb4f920000 - 0x00007ffb4f942000 	C:\WINDOWS\System32\win32u.dll
0x00007ffb519a0000 - 0x00007ffb519cb000 	C:\WINDOWS\System32\GDI32.dll
0x00007ffb4fc00000 - 0x00007ffb4fd1a000 	C:\WINDOWS\System32\gdi32full.dll
0x00007ffb4f9e0000 - 0x00007ffb4fa7d000 	C:\WINDOWS\System32\msvcp_win.dll
0x00007ffb4c9c0000 - 0x00007ffb4c9de000 	c:\Users\Arvind\.vscode\extensions\redhat.java-1.54.0-win32-x64\jre\21.0.10-win32-x86_64\bin\VCRUNTIME140.dll
0x00007ffb40eb0000 - 0x00007ffb4114b000 	C:\WINDOWS\WinSxS\amd64_microsoft.windows.common-controls_6595b64144ccf1df_6.0.19041.6926_none_60b5a53971f8f7e6\COMCTL32.dll
0x00007ffb51680000 - 0x00007ffb5171e000 	C:\WINDOWS\System32\msvcrt.dll
0x00007ffb51ab0000 - 0x00007ffb51adf000 	C:\WINDOWS\System32\IMM32.DLL
0x00007ffb4a6b0000 - 0x00007ffb4a6bc000 	c:\Users\Arvind\.vscode\extensions\redhat.java-1.54.0-win32-x64\jre\21.0.10-win32-x86_64\bin\vcruntime140_1.dll
0x00007ffb32600000 - 0x00007ffb3268d000 	c:\Users\Arvind\.vscode\extensions\redhat.java-1.54.0-win32-x64\jre\21.0.10-win32-x86_64\bin\msvcp140.dll
0x00007ffad3c70000 - 0x00007ffad4a11000 	c:\Users\Arvind\.vscode\extensions\redhat.java-1.54.0-win32-x64\jre\21.0.10-win32-x86_64\bin\server\jvm.dll
0x00007ffb51520000 - 0x00007ffb515d1000 	C:\WINDOWS\System32\ADVAPI32.dll
0x00007ffb50c30000 - 0x00007ffb50ccf000 	C:\WINDOWS\System32\sechost.dll
0x00007ffb51f20000 - 0x00007ffb52046000 	C:\WINDOWS\System32\RPCRT4.dll
0x00007ffb500d0000 - 0x00007ffb500f7000 	C:\WINDOWS\System32\bcrypt.dll
0x00007ffb51450000 - 0x00007ffb514bb000 	C:\WINDOWS\System32\WS2_32.dll
0x00007ffb4f770000 - 0x00007ffb4f7bb000 	C:\WINDOWS\SYSTEM32\POWRPROF.dll
0x00007ffb41de0000 - 0x00007ffb41e07000 	C:\WINDOWS\SYSTEM32\WINMM.dll
0x00007ffb47480000 - 0x00007ffb4748a000 	C:\WINDOWS\SYSTEM32\VERSION.dll
0x00007ffb4f750000 - 0x00007ffb4f762000 	C:\WINDOWS\SYSTEM32\UMPDC.dll
0x00007ffb4d770000 - 0x00007ffb4d782000 	C:\WINDOWS\SYSTEM32\kernel.appcore.dll
0x00007ffb45f10000 - 0x00007ffb45f1a000 	c:\Users\Arvind\.vscode\extensions\redhat.java-1.54.0-win32-x64\jre\21.0.10-win32-x86_64\bin\jimage.dll
0x00007ffb417b0000 - 0x00007ffb419b1000 	C:\WINDOWS\SYSTEM32\DBGHELP.DLL
0x00007ffb32970000 - 0x00007ffb329a4000 	C:\WINDOWS\SYSTEM32\dbgcore.DLL
0x00007ffb4f950000 - 0x00007ffb4f9d2000 	C:\WINDOWS\System32\bcryptPrimitives.dll
0x00007ffb45e30000 - 0x00007ffb45e3f000 	c:\Users\Arvind\.vscode\extensions\redhat.java-1.54.0-win32-x64\jre\21.0.10-win32-x86_64\bin\instrument.dll
0x00007ffb41160000 - 0x00007ffb41180000 	c:\Users\Arvind\.vscode\extensions\redhat.java-1.54.0-win32-x64\jre\21.0.10-win32-x86_64\bin\java.dll
0x00007ffb50cd0000 - 0x00007ffb51441000 	C:\WINDOWS\System32\SHELL32.dll
0x00007ffb4d970000 - 0x00007ffb4e116000 	C:\WINDOWS\SYSTEM32\windows.storage.dll
0x00007ffb508d0000 - 0x00007ffb50c23000 	C:\WINDOWS\System32\combase.dll
0x00007ffb4f190000 - 0x00007ffb4f1bb000 	C:\WINDOWS\SYSTEM32\Wldp.dll
0x00007ffb518c0000 - 0x00007ffb51996000 	C:\WINDOWS\System32\OLEAUT32.dll
0x00007ffb521c0000 - 0x00007ffb5226d000 	C:\WINDOWS\System32\SHCORE.dll
0x00007ffb52140000 - 0x00007ffb5219b000 	C:\WINDOWS\System32\shlwapi.dll
0x00007ffb4f840000 - 0x00007ffb4f864000 	C:\WINDOWS\SYSTEM32\profapi.dll
0x00007ffb3a560000 - 0x00007ffb3a578000 	c:\Users\Arvind\.vscode\extensions\redhat.java-1.54.0-win32-x64\jre\21.0.10-win32-x86_64\bin\zip.dll
0x00007ffb45d60000 - 0x00007ffb45d70000 	C:\Users\Arvind\.vscode\extensions\redhat.java-1.54.0-win32-x64\jre\21.0.10-win32-x86_64\bin\net.dll
0x00007ffb49870000 - 0x00007ffb4997a000 	C:\WINDOWS\SYSTEM32\WINHTTP.dll
0x00007ffb4ef40000 - 0x00007ffb4efaa000 	C:\WINDOWS\system32\mswsock.dll
0x00007ffb38aa0000 - 0x00007ffb38ab6000 	C:\Users\Arvind\.vscode\extensions\redhat.java-1.54.0-win32-x64\jre\21.0.10-win32-x86_64\bin\nio.dll
0x00007ffb40a20000 - 0x00007ffb40a30000 	c:\Users\Arvind\.vscode\extensions\redhat.java-1.54.0-win32-x64\jre\21.0.10-win32-x86_64\bin\verify.dll
0x00007ffb2f860000 - 0x00007ffb2f8a5000 	C:\Users\Arvind\AppData\Roaming\Code\User\globalStorage\redhat.java\1.54.0\config_win\org.eclipse.equinox.launcher\org.eclipse.equinox.launcher.win32.win32.x86_64_1.3.0.v20260203-2149\eclipse_11919.dll
0x00007ffb51ba0000 - 0x00007ffb51ccb000 	C:\WINDOWS\System32\ole32.dll
0x00007ffb3aa00000 - 0x00007ffb3aa0a000 	C:\Users\Arvind\.vscode\extensions\redhat.java-1.54.0-win32-x64\jre\21.0.10-win32-x86_64\bin\management.dll
0x00007ffb39300000 - 0x00007ffb3930c000 	C:\Users\Arvind\.vscode\extensions\redhat.java-1.54.0-win32-x64\jre\21.0.10-win32-x86_64\bin\management_ext.dll
0x00007ffb51670000 - 0x00007ffb51678000 	C:\WINDOWS\System32\PSAPI.DLL
0x00007ffb4f4e0000 - 0x00007ffb4f4f8000 	C:\WINDOWS\SYSTEM32\CRYPTSP.dll
0x00007ffb4e880000 - 0x00007ffb4e8b8000 	C:\WINDOWS\system32\rsaenh.dll
0x00007ffb4f7c0000 - 0x00007ffb4f7ee000 	C:\WINDOWS\SYSTEM32\USERENV.dll
0x00007ffb4f100000 - 0x00007ffb4f10c000 	C:\WINDOWS\SYSTEM32\CRYPTBASE.dll
0x00007ffb4ec40000 - 0x00007ffb4ec7b000 	C:\WINDOWS\SYSTEM32\IPHLPAPI.DLL
0x00007ffb515e0000 - 0x00007ffb515e8000 	C:\WINDOWS\System32\NSI.dll
0x00007ffb2ec80000 - 0x00007ffb2ecc9000 	C:\Users\Arvind\AppData\Local\Temp\jna-1969795962\jna4312260524605938689.dll
0x00007ffb4a080000 - 0x00007ffb4a097000 	C:\WINDOWS\SYSTEM32\dhcpcsvc6.DLL
0x00007ffb4a060000 - 0x00007ffb4a07d000 	C:\WINDOWS\SYSTEM32\dhcpcsvc.DLL
0x00007ffb38d90000 - 0x00007ffb38d9e000 	C:\Users\Arvind\.vscode\extensions\redhat.java-1.54.0-win32-x64\jre\21.0.10-win32-x86_64\bin\sunmscapi.dll
0x00007ffb50100000 - 0x00007ffb5025d000 	C:\WINDOWS\System32\CRYPT32.dll
0x00007ffb4f200000 - 0x00007ffb4f227000 	C:\WINDOWS\SYSTEM32\ncrypt.dll
0x00007ffb4f1c0000 - 0x00007ffb4f1fb000 	C:\WINDOWS\SYSTEM32\NTASN1.dll
0x00007ffb4ec80000 - 0x00007ffb4ed4a000 	C:\WINDOWS\SYSTEM32\DNSAPI.dll
0x00007ffb48ac0000 - 0x00007ffb48aca000 	C:\Windows\System32\rasadhlp.dll
0x00007ffb49190000 - 0x00007ffb49210000 	C:\WINDOWS\System32\fwpuclnt.dll
0x00007ffb342b0000 - 0x00007ffb342b9000 	C:\Users\Arvind\.vscode\extensions\redhat.java-1.54.0-win32-x64\jre\21.0.10-win32-x86_64\bin\extnet.dll

JVMTI agents:
c:\Users\Arvind\.vscode\extensions\redhat.java-1.54.0-win32-x64\lombok\lombok-1.18.39-4050.jar path:c:\Users\Arvind\.vscode\extensions\redhat.java-1.54.0-win32-x64\jre\21.0.10-win32-x86_64\bin\instrument.dll, loaded, initialized, instrumentlib options:none

dbghelp: loaded successfully - version: 4.0.5 - missing functions: none
symbol engine: initialized successfully - sym options: 0x614 - pdb path: .;c:\Users\Arvind\.vscode\extensions\redhat.java-1.54.0-win32-x64\jre\21.0.10-win32-x86_64\bin;C:\WINDOWS\SYSTEM32;C:\WINDOWS\WinSxS\amd64_microsoft.windows.common-controls_6595b64144ccf1df_6.0.19041.6926_none_60b5a53971f8f7e6;c:\Users\Arvind\.vscode\extensions\redhat.java-1.54.0-win32-x64\jre\21.0.10-win32-x86_64\bin\server;C:\Users\Arvind\AppData\Roaming\Code\User\globalStorage\redhat.java\1.54.0\config_win\org.eclipse.equinox.launcher\org.eclipse.equinox.launcher.win32.win32.x86_64_1.3.0.v20260203-2149;C:\Users\Arvind\AppData\Local\Temp\jna-1969795962

VM Arguments:
jvm_args: --add-modules=ALL-SYSTEM --add-opens=java.base/java.util=ALL-UNNAMED --add-opens=java.base/java.lang=ALL-UNNAMED --add-opens=java.base/sun.nio.fs=ALL-UNNAMED -Declipse.application=org.eclipse.jdt.ls.core.id1 -Dosgi.bundles.defaultStartLevel=4 -Declipse.product=org.eclipse.jdt.ls.core.product -Djava.import.generatesMetadataFilesAtProjectRoot=false -DDetectVMInstallationsJob.disabled=true -Dfile.encoding=utf8 -XX:+UseParallelGC -XX:GCTimeRatio=4 -XX:AdaptiveSizePolicyWeight=90 -Dsun.zip.disableMemoryMapping=true -Xmx2G -Xms100m -Xlog:disable -javaagent:c:\Users\Arvind\.vscode\extensions\redhat.java-1.54.0-win32-x64\lombok\lombok-1.18.39-4050.jar -XX:+HeapDumpOnOutOfMemoryError -XX:HeapDumpPath=c:\Users\Arvind\AppData\Roaming\Code\User\workspaceStorage\272cffe9e2eddea357491d609d53a57b\redhat.java -Daether.dependencyCollector.impl=bf 
java_command: c:\Users\Arvind\.vscode\extensions\redhat.java-1.54.0-win32-x64\server\plugins\org.eclipse.equinox.launcher_1.7.100.v20251111-0406.jar -configuration c:\Users\Arvind\AppData\Roaming\Code\User\globalStorage\redhat.java\1.54.0\config_win -data c:\Users\Arvind\AppData\Roaming\Code\User\workspaceStorage\272cffe9e2eddea357491d609d53a57b\redhat.java\jdt_ws --pipe=\\.\pipe\lsp-0fbbc6cd7b3cc4b02f5058c30e03d082-sock
java_class_path (initial): c:\Users\Arvind\.vscode\extensions\redhat.java-1.54.0-win32-x64\server\plugins\org.eclipse.equinox.launcher_1.7.100.v20251111-0406.jar
Launcher Type: SUN_STANDARD

[Global flags]
    uintx AdaptiveSizePolicyWeight                 = 90                                        {product} {command line}
     intx CICompilerCount                          = 3                                         {product} {ergonomic}
    uintx GCTimeRatio                              = 4                                         {product} {command line}
     bool HeapDumpOnOutOfMemoryError               = true                                   {manageable} {command line}
    ccstr HeapDumpPath                             = c:\Users\Arvind\AppData\Roaming\Code\User\workspaceStorage\272cffe9e2eddea357491d609d53a57b\redhat.java         {manageable} {command line}
   size_t InitialHeapSize                          = 104857600                                 {product} {command line}
   size_t MaxHeapSize                              = 2147483648                                {product} {command line}
   size_t MaxNewSize                               = 715653120                                 {product} {ergonomic}
   size_t MinHeapDeltaBytes                        = 524288                                    {product} {ergonomic}
   size_t MinHeapSize                              = 104857600                                 {product} {command line}
   size_t NewSize                                  = 34603008                                  {product} {ergonomic}
    uintx NonNMethodCodeHeapSize                   = 5832780                                {pd product} {ergonomic}
    uintx NonProfiledCodeHeapSize                  = 122912730                              {pd product} {ergonomic}
   size_t OldSize                                  = 70254592                                  {product} {ergonomic}
    uintx ProfiledCodeHeapSize                     = 122912730                              {pd product} {ergonomic}
    uintx ReservedCodeCacheSize                    = 251658240                              {pd product} {ergonomic}
     bool SegmentedCodeCache                       = true                                      {product} {ergonomic}
   size_t SoftMaxHeapSize                          = 2147483648                             {manageable} {ergonomic}
     bool UseCompressedOops                        = true                           {product lp64_product} {ergonomic}
     bool UseLargePagesIndividualAllocation        = false                                  {pd product} {ergonomic}
     bool UseParallelGC                            = true                                      {product} {command line}

Logging:
Log output configuration:
 #0: stdout all=off uptime,level,tags foldmultilines=false
 #1: stderr all=off uptime,level,tags foldmultilines=false

Release file:
JAVA_VERSION="21.0.10" 
MODULES="java.base java.compiler java.datatransfer java.xml java.prefs java.desktop java.instrument java.logging java.management java.security.sasl java.naming java.rmi java.management.rmi java.net.http java.scripting java.security.jgss java.transaction.xa java.sql java.sql.rowset java.xml.crypto java.se java.smartcardio jdk.accessibility jdk.internal.jvmstat jdk.attach jdk.charsets jdk.internal.opt jdk.zipfs jdk.compiler jdk.crypto.ec jdk.crypto.cryptoki jdk.crypto.mscapi jdk.dynalink jdk.internal.ed jdk.editpad jdk.hotspot.agent jdk.httpserver jdk.internal.le jdk.internal.vm.ci jdk.internal.vm.compiler jdk.internal.vm.compiler.management jdk.jartool jdk.javadoc jdk.jcmd jdk.management jdk.management.agent jdk.jconsole jdk.jdeps jdk.jdwp.agent jdk.jdi jdk.jfr jdk.jshell jdk.jsobject jdk.jstatd jdk.localedata jdk.management.jfr jdk.naming.dns jdk.naming.rmi jdk.net jdk.nio.mapmode jdk.random jdk.sctp jdk.security.auth jdk.security.jgss jdk.unsupported jdk.unsupported.desktop jdk.xml.dom" 

Environment Variables:
PATH=C:\Program Files\Common Files\Oracle\Java\javapath;C:\Users\Arvind\AppData\Local\Programs\Python\Python314\Scripts\;C:\Users\Arvind\AppData\Local\Programs\Python\Python314;C:\Program Files (x86)\Common Files\Intel\Shared Libraries\redist\intel64\compiler;C:\WINDOWS\system32;C:\WINDOWS;C:\WINDOWS\System32\Wbem;C:\WINDOWS\System32\WindowsPowerShell\v1.0\;C:\WINDOWS\System32\OpenSSH\;C:\Program Files\Microsoft VS Code\bin;C:\wamp64\bin\php\php7.0.10;C:\wamp64\bin\php\php7.4.0;C:\Program Files\Git\cmd;C:\MinGW\bin;C:\Program Files\dotnet\;C:\Program Files\Java\jdk-25\bin;C:\Program Files\Docker\Docker\resources\bin;C:\Program Files\nodejs\;C:\ProgramData\chocolatey\bin;C:\Users\Arvind\AppData\Local\Programs\Python\Python314\Scripts\;C:\Users\Arvind\AppData\Local\Programs\Python\Python314\;C:\Users\Arvind\.local\bin;C:\Users\Arvind\AppData\Local\Microsoft\WindowsApps;C:\Program Files\Microsoft VS Code\bin;C:\Program Files\JetBrains\PyCharm Community Edition 2019.1.1\bin;;C:\Program Files (x86)\GitHub CLI\;C:\src\flutter\bin;C:\Users\Arvind\AppData\Local\Programs\cursor\resources\app\bin;C:\Users\Arvind\AppData\Roaming\npm;
USERNAME=Arvind
OS=Windows_NT
PROCESSOR_IDENTIFIER=Intel64 Family 6 Model 60 Stepping 3, GenuineIntel
TMP=C:\Users\Arvind\AppData\Local\Temp
TEMP=C:\Users\Arvind\AppData\Local\Temp




Periodic native trim disabled

---------------  S Y S T E M  ---------------

OS:
 Windows 10 , 64 bit Build 19041 (10.0.19041.7181)
OS uptime: 0 days 2:21 hours
Hyper-V role detected

CPU: total 4 (initial active 4) (4 cores per cpu, 1 threads per core) family 6 model 60 stepping 3 microcode 0x27, cx8, cmov, fxsr, mmx, sse, sse2, sse3, ssse3, sse4.1, sse4.2, popcnt, lzcnt, tsc, tscinvbit, avx, avx2, aes, erms, clmul, bmi1, bmi2, fma, vzeroupper, clflush, hv, rdtscp, f16c
Processor Information for the first 4 processors :
  Max Mhz: 3101, Current Mhz: 3101, Mhz Limit: 3101

Memory: 4k page, system-wide physical 12188M (3693M free)
TotalPageFile size 14172M (AvailPageFile size 3810M)
current process WorkingSet (physical memory assigned to process): 1279M, peak: 1291M
current process commit charge ("private bytes"): 1187M, peak: 1200M

vm_info: OpenJDK 64-Bit Server VM (21.0.10+7-LTS) for windows-amd64 JRE (21.0.10+7-LTS), built on 2026-01-20T00:00:00Z by "admin" with MS VC++ 17.12 (VS2022)

END.
